
> vite_react_shadcn_ts@0.0.0 build
> vite build

[36mvite v5.4.21 [32mbuilding for production...[36m[39m
transforming...
[32mÔ£ô[39m 158 modules transformed.
x Build failed in 5.71s
error during build:
[vite:esbuild] Transform failed with 1 error:
C:/Users/elija/OneDrive/Desktop/ERP-main (6)/isp-opus-forge-main/src/api/technicianServices.ts:2:10: ERROR: Unexpected ":"
file: C:/Users/elija/OneDrive/Desktop/ERP-main (6)/isp-opus-forge-main/src/api/technicianServices.ts:2:10

Unexpected ":"
1  |  rating: number; // 1-5
2  |  feedback ?: string;
   |            ^
3  |  created_at: string;
4  |  }

    at failureErrorWithLog (C:\Users\elija\OneDrive\Desktop\ERP-main (6)\isp-opus-forge-main\node_modules\vite\node_modules\esbuild\lib\main.js:1472:15)
    at C:\Users\elija\OneDrive\Desktop\ERP-main (6)\isp-opus-forge-main\node_modules\vite\node_modules\esbuild\lib\main.js:755:50
    at responseCallbacks.<computed> (C:\Users\elija\OneDrive\Desktop\ERP-main (6)\isp-opus-forge-main\node_modules\vite\node_modules\esbuild\lib\main.js:622:9)
    at handleIncomingPacket (C:\Users\elija\OneDrive\Desktop\ERP-main (6)\isp-opus-forge-main\node_modules\vite\node_modules\esbuild\lib\main.js:677:12)
    at Socket.readFromStdout (C:\Users\elija\OneDrive\Desktop\ERP-main (6)\isp-opus-forge-main\node_modules\vite\node_modules\esbuild\lib\main.js:600:7)
    at Socket.emit (node:events:508:28)
    at addChunk (node:internal/streams/readable:559:12)
    at readableAddChunkPushByteMode (node:internal/streams/readable:510:3)
    at Readable.push (node:internal/streams/readable:390:5)
    at Pipe.onStreamRead (node:internal/stream_base_commons:189:23)
