
> vite_react_shadcn_ts@0.0.0 test
> vitest run


[1m[46m RUN [49m[22m [36mv4.0.10 [39m[90mC:/Users/elija/OneDrive/Desktop/ERP-main (6)/isp-opus-forge-main[39m

stderr | src/pages/hr/__tests__/CreateEmployee.test.tsx > CreateEmployeePage > renders create employee form correctly
Warning: validateDOMNesting(...): <div> cannot appear as a child of <select>.
    at div
    at SelectTrigger (C:/Users/elija/OneDrive/Desktop/ERP-main (6)/isp-opus-forge-main/src/pages/hr/__tests__/CreateEmployee.test.tsx:36:27)
    at select
    at div
    at Select (C:/Users/elija/OneDrive/Desktop/ERP-main (6)/isp-opus-forge-main/src/pages/hr/__tests__/CreateEmployee.test.tsx:21:20)
    at div
    at div
    at form
    at div
    at C:/Users/elija/OneDrive/Desktop/ERP-main (6)/isp-opus-forge-main/src/components/ui/card.tsx:53:71
    at div
    at C:/Users/elija/OneDrive/Desktop/ERP-main (6)/isp-opus-forge-main/src/components/ui/card.tsx:13:64
    at div
    at CreateEmployeePage (C:/Users/elija/OneDrive/Desktop/ERP-main (6)/isp-opus-forge-main/src/pages/hr/CreateEmployee.tsx:67:71)
    at Router (C:\Users\elija\OneDrive\Desktop\ERP-main (6)\isp-opus-forge-main\node_modules\react-router\dist\umd\react-router.development.js:1207:17)
    at MemoryRouter (C:\Users\elija\OneDrive\Desktop\ERP-main (6)\isp-opus-forge-main\node_modules\react-router\dist\umd\react-router.development.js:1101:7)
ÔÜá´©Å React Router Future Flag Warning: React Router will begin wrapping state updates in `React.startTransition` in v7. You can use the `v7_startTransition` future flag to opt-in early. For more information, see https://reactrouter.com/v6/upgrading/future#v7_starttransition.
ÔÜá´©Å React Router Future Flag Warning: Relative route resolution within Splat routes is changing in v7. You can use the `v7_relativeSplatPath` future flag to opt-in early. For more information, see https://reactrouter.com/v6/upgrading/future#v7_relativesplatpath.

stderr | src/pages/__tests__/Login.test.tsx > Login Page > renders login form correctly
ÔÜá´©Å React Router Future Flag Warning: React Router will begin wrapping state updates in `React.startTransition` in v7. You can use the `v7_startTransition` future flag to opt-in early. For more information, see https://reactrouter.com/v6/upgrading/future#v7_starttransition.
ÔÜá´©Å React Router Future Flag Warning: Relative route resolution within Splat routes is changing in v7. You can use the `v7_relativeSplatPath` future flag to opt-in early. For more information, see https://reactrouter.com/v6/upgrading/future#v7_relativesplatpath.

stderr | src/pages/finance/__tests__/Invoices.test.tsx > Invoices Page > renders invoices list correctly
ÔÜá´©Å React Router Future Flag Warning: React Router will begin wrapping state updates in `React.startTransition` in v7. You can use the `v7_startTransition` future flag to opt-in early. For more information, see https://reactrouter.com/v6/upgrading/future#v7_starttransition.
ÔÜá´©Å React Router Future Flag Warning: Relative route resolution within Splat routes is changing in v7. You can use the `v7_relativeSplatPath` future flag to opt-in early. For more information, see https://reactrouter.com/v6/upgrading/future#v7_relativesplatpath.

stderr | src/pages/finance/__tests__/BudgetManagement.test.tsx > BudgetManagement > renders budget management page
ÔÜá´©Å React Router Future Flag Warning: React Router will begin wrapping state updates in `React.startTransition` in v7. You can use the `v7_startTransition` future flag to opt-in early. For more information, see https://reactrouter.com/v6/upgrading/future#v7_starttransition.
ÔÜá´©Å React Router Future Flag Warning: Relative route resolution within Splat routes is changing in v7. You can use the `v7_relativeSplatPath` future flag to opt-in early. For more information, see https://reactrouter.com/v6/upgrading/future#v7_relativesplatpath.

 [32mÔ£ô[39m src/components/workflow/__tests__/QuickApprovalCard.test.tsx [2m([22m[2m8 tests[22m[2m)[22m[33m 1103[2mms[22m[39m
     [33m[2mÔ£ô[22m[39m renders with instance ID [33m 419[2mms[22m[39m
 [32mÔ£ô[39m src/pages/__tests__/Login.test.tsx [2m([22m[2m4 tests[22m[2m)[22m[33m 1603[2mms[22m[39m
     [33m[2mÔ£ô[22m[39m renders login form correctly [33m 941[2mms[22m[39m
     [33m[2mÔ£ô[22m[39m submits form with valid credentials [33m 335[2mms[22m[39m
[90mstdout[2m | src/pages/inventory/__tests__/InventoryDashboard.test.tsx[2m > [22m[2mInventory Dashboard[2m > [22m[2mhandles search functionality
[22m[39mSearch results: []

(node:16504) Warning: `--localstorage-file` was provided without a valid path
(Use `node --trace-warnings ...` to show where the warning was created)
stderr | src/pages/__tests__/WorkflowDashboard.test.tsx > WorkflowDashboard > renders dashboard with stats
ÔÜá´©Å React Router Future Flag Warning: React Router will begin wrapping state updates in `React.startTransition` in v7. You can use the `v7_startTransition` future flag to opt-in early. For more information, see https://reactrouter.com/v6/upgrading/future#v7_starttransition.
ÔÜá´©Å React Router Future Flag Warning: Relative route resolution within Splat routes is changing in v7. You can use the `v7_relativeSplatPath` future flag to opt-in early. For more information, see https://reactrouter.com/v6/upgrading/future#v7_relativesplatpath.

 [31mÔØ»[39m src/pages/inventory/__tests__/InventoryDashboard.test.tsx [2m([22m[2m4 tests[22m[2m | [22m[31m3 failed[39m[2m)[22m[33m 3264[2mms[22m[39m
     [33m[2mÔ£ô[22m[39m renders inventory dashboard correctly [33m 743[2mms[22m[39m
[31m     [31m├ù[31m displays low stock warning[39m[33m 350[2mms[22m[39m
[31m     [31m├ù[31m handles search functionality[39m[33m 1797[2mms[22m[39m
[31m     [31m├ù[31m triggers scrape all suppliers[39m[33m 364[2mms[22m[39m
 [31mÔØ»[39m src/pages/hr/__tests__/CreateEmployee.test.tsx [2m([22m[2m3 tests[22m[2m | [22m[31m1 failed[39m[2m)[22m[33m 3810[2mms[22m[39m
     [33m[2mÔ£ô[22m[39m renders create employee form correctly [33m 724[2mms[22m[39m
[31m     [31m├ù[31m validates required fields[39m[33m 2644[2mms[22m[39m
     [33m[2mÔ£ô[22m[39m submits form with valid data [33m 437[2mms[22m[39m
 [31mÔØ»[39m src/pages/finance/__tests__/Invoices.test.tsx [2m([22m[2m3 tests[22m[2m | [22m[31m1 failed[39m[2m)[22m[33m 4119[2mms[22m[39m
     [33m[2mÔ£ô[22m[39m renders invoices list correctly [33m 827[2mms[22m[39m
[31m     [31m├ù[31m filters invoices by status[39m[33m 2913[2mms[22m[39m
     [33m[2mÔ£ô[22m[39m navigates to create invoice page [33m 371[2mms[22m[39m
 [32mÔ£ô[39m src/pages/__tests__/WorkflowDashboard.test.tsx [2m([22m[2m9 tests[22m[2m)[22m[33m 2319[2mms[22m[39m
     [33m[2mÔ£ô[22m[39m renders dashboard with stats [33m 1064[2mms[22m[39m
 [32mÔ£ô[39m src/utils/__tests__/format.test.ts [2m([22m[2m18 tests[22m[2m)[22m[32m 100[2mms[22m[39m
stderr | src/components/onboarding/__tests__/OnboardingWizard.test.tsx > OnboardingWizard > calls completeStep when Next is clicked
Warning: An update to OnboardingWizard inside a test was not wrapped in act(...).

When testing, code that causes React state updates should be wrapped into act(...):

act(() => {
  /* fire events that update state */
});
/* assert on the output */

This ensures that you're testing the behavior the user would see in the browser. Learn more at https://reactjs.org/link/wrap-tests-with-act
    at OnboardingWizard (C:/Users/elija/OneDrive/Desktop/ERP-main (6)/isp-opus-forge-main/src/components/onboarding/OnboardingWizard.tsx:19:29)

 [32mÔ£ô[39m src/components/onboarding/__tests__/OnboardingWizard.test.tsx [2m([22m[2m6 tests[22m[2m)[22m[32m 296[2mms[22m[39m
 [32mÔ£ô[39m src/api/__tests__/workflows.test.ts [2m([22m[2m12 tests[22m[2m)[22m[32m 27[2mms[22m[39m
 [31mÔØ»[39m src/pages/finance/__tests__/BudgetManagement.test.tsx [2m([22m[2m11 tests[22m[2m | [22m[31m7 failed[39m[2m)[22m[33m 9190[2mms[22m[39m
     [33m[2mÔ£ô[22m[39m renders budget management page [33m 588[2mms[22m[39m
[31m     [31m├ù[31m displays master budgets list[39m[33m 1075[2mms[22m[39m
[31m     [31m├ù[31m shows empty state when no budgets[39m[33m 1035[2mms[22m[39m
     [33m[2mÔ£ô[22m[39m opens create master budget dialog [33m 730[2mms[22m[39m
[31m     [31m├ù[31m loads sub-budgets when master budget is expanded[39m[33m 1400[2mms[22m[39m
[31m     [31m├ù[31m displays sub-budgets correctly[39m[33m 1186[2mms[22m[39m
     [32mÔ£ô[39m handles create master budget[32m 96[2mms[22m[39m
[31m     [31m├ù[31m handles budget upload[39m[33m 1015[2mms[22m[39m
[31m     [31m├ù[31m calculates budget utilization percentage[39m[33m 1019[2mms[22m[39m
[31m     [31m├ù[31m displays warning for high utilization[39m[33m 1014[2mms[22m[39m
     [32mÔ£ô[39m handles API errors gracefully[32m 28[2mms[22m[39m

ÔÄ»ÔÄ»ÔÄ»ÔÄ»ÔÄ»ÔÄ» Failed Tests 12 ÔÄ»ÔÄ»ÔÄ»ÔÄ»ÔÄ»ÔÄ»ÔÄ»

 FAIL  src/pages/finance/__tests__/BudgetManagement.test.tsx > BudgetManagement > displays master budgets list
TestingLibraryElementError: Found multiple elements with the text: (content, element)=>{
                return element?.textContent === '$1,000,000' || element?.textContent?.includes('1,000,000');
            }

Here are the matching elements:

Ignored nodes: comments, script, style
<body>
  <div>
    <div
      class="space-y-6"
    >
      <div
        class="flex items-center justify-between"
      >
        <div>
          <h1
            class="text-3xl font-bold"
          >
            Budget Management
          </h1>
          <p
            class="text-muted-foreground"
          >
            Manage master budgets, sub-budgets, and track spending
          </p>
        </div>
        <div
          class="flex gap-2"
        >
          <button
            class="inline-flex items-center justify-center gap-2 whitespace-nowrap rounded-md text-sm font-medium ring-offset-background transition-colors focus-visible:outline-none focus-visible:ring-2 focus-visible:ring-ring focus-visible:ring-offset-2 disabled:pointer-events-none disabled:opacity-50 [&_svg]:pointer-events-none [&_svg]:size-4 [&_svg]:shrink-0 border border-input bg-background hover:bg-accent hover:text-accent-foreground h-10 px-4 py-2"
          >
            <svg
              class="lucide lucide-upload h-4 w-4 mr-2"
              fill="none"
              height="24"
              stroke="currentColor"
              stroke-linecap="round"
              stroke-linejoin="round"
              stroke-width="2"
              viewBox="0 0 24 24"
              width="24"
              xmlns="http://www.w3.org/2000/svg"
            >
              <path
                d="M21 15v4a2 2 0 0 1-2 2H5a2 2 0 0 1-2-2v-4"
              />
              <polyline
                points="17 8 12 3 7 8"
              />
              <line
                x1="12"
                x2="12"
                y1="3"
                y2="15"
              />
            </svg>
            Upload Excel
          </button>
          <button
            class="inline-flex items-center justify-center gap-2 whitespace-nowrap rounded-md text-sm font-medium ring-offset-background transition-colors focus-visible:outline-none focus-visible:ring-2 focus-visible:ring-ring focus-visible:ring-offset-2 disabled:pointer-events-none disabled:opacity-50 [&_svg]:pointer-events-none [&_svg]:size-4 [&_svg]:shrink-0 bg-primary text-primary-foreground hover:bg-primary/90 h-10 px-4 py-2"
          >
            <svg
              class="lucide lucide-plus h-4 w-4 mr-2"
              fill="none"
              height="24"
              stroke="currentColor"
              stroke-linecap="round"
              stroke-linejoin="round"
              stroke-width="2"
              viewBox="0 0 24 24"
              width="24"
              xmlns="http://www.w3.org/2000/svg"
            >
              <path
                d="M5 12h14"
              />
              <path
                d="M12 5v14"
              />
            </svg>
            Create Master Budget
          </button>
        </div>
      </div>
      <div
        class="grid gap-4 md:grid-cols-3"
      >
        <div
          class="rounded-lg border bg-card text-card-foreground shadow-sm"
        >
          <div
            class="p-6 flex flex-row items-center justify-between space-y-0 pb-2"
          >
            <h3
              class="tracking-tight text-sm font-medium"
            >
              Total Budgets
            </h3>
            <svg
              class="lucide lucide-dollar-sign h-4 w-4 text-muted-foreground"
              fill="none"
              height="24"
              stroke="currentColor"
              stroke-linecap="round"
              stroke-linejoin="round"
              stroke-width="2"
              viewBox="0 0 24 24"
              width="24"
              xmlns="http://www.w3.org/2000/svg"
            >
              <line
                x1="12"
                x2="12"
                y1="2"
                y2="22"
              />
              <path
                d="M17 5H9.5a3.5 3.5 0 0 0 0 7h5a3.5 3.5 0 0 1 0 7H6"
              />
            </svg>
          </div>
          <div
            class="p-6 pt-0"
          >
            <div
              class="text-2xl font-bold"
            >
              2
            </div>
            <p
              class="text-xs text-muted-foreground"
            >
              Active master budgets
            </p>
          </div>
        </div>
        <div
          class="rounded-lg border bg-card text-card-foreground shadow-sm"
        >
          <div
            class="p-6 flex flex-row items-center justify-between space-y-0 pb-2"
          >
            <h3
              class="tracking-tight text-sm font-medium"
            >
              Total Allocated
            </h3>
            <svg
              class="lucide lucide-trending-up h-4 w-4 text-muted-foreground"
              fill="none"
              height="24"
              stroke="currentColor"
              stroke-linecap="round"
              stroke-linejoin="round"
              stroke-width="2"
              viewBox="0 0 24 24"
              width="24"
              xmlns="http://www.w3.org/2000/svg"
            >
              <polyline
                points="22 7 13.5 15.5 8.5 10.5 2 17"
              />
              <polyline
                points="16 7 22 7 22 13"
              />
            </svg>
          </div>
          <div
            class="p-6 pt-0"
          >
            <div
              class="text-2xl font-bold"
            >
              $
              2,200,000
            </div>
            <p
              class="text-xs text-muted-foreground"
            >
              Across all budgets
            </p>
          </div>
        </div>
        <div
          class="rounded-lg border bg-card text-card-foreground shadow-sm"
        >
          <div
            class="p-6 flex flex-row items-center justify-between space-y-0 pb-2"
          >
            <h3
              class="tracking-tight text-sm font-medium"
            >
              Budget Period
            </h3>
            <svg
              class="lucide lucide-circle-alert h-4 w-4 text-muted-foreground"
              fill="none"
              height="24"
              stroke="currentColor"
              stroke-linecap="round"
              stroke-linejoin="round"
              stroke-width="2"
              viewBox="0 0 24 24"
              width="24"
              xmlns="http://www.w3.org/2000/svg"
            >
              <circle
                cx="12"
                cy="12"
                r="10"
              />
              <line
                x1="12"
                x2="12"
                y1="8"
                y2="12"
              />
              <line
                x1="12"
                x2="12.01"
                y1="16"
                y2="16"
              />
            </svg>
          </div>
          <div
            class="p-6 pt-0"
          >
            <div
              class="text-2xl font-bold"
            >
              2024
            </div>
            <p
              class="text-xs text-muted-foreground"
            >
              Current fiscal year
            </p>
          </div>
        </div>
      </div>
      <div
        class="space-y-4"
      >
        <div
          class="rounded-lg border bg-card text-card-foreground shadow-sm"
        >
          <div
            class="flex flex-col space-y-1.5 p-6"
          >
            <div
              class="flex items-center justify-between"
            >
              <div
                class="flex items-center gap-3"
              >
                <button
                  class="inline-flex items-center justify-center gap-2 whitespace-nowrap text-sm font-medium ring-offset-background transition-colors focus-visible:outline-none focus-visible:ring-2 focus-visible:ring-ring focus-visible:ring-offset-2 disabled:pointer-events-none disabled:opacity-50 [&_svg]:pointer-events-none [&_svg]:size-4 [&_svg]:shrink-0 hover:bg-accent hover:text-accent-foreground h-9 rounded-md px-3"
                >
                  <svg
                    class="lucide lucide-chevron-right h-4 w-4"
                    fill="none"
                    height="24"
                    stroke="currentColor"
                    stroke-linecap="round"
                    stroke-linejoin="round"
                    stroke-width="2"
                    viewBox="0 0 24 24"
                    width="24"
                    xmlns="http://www.w3.org/2000/svg"
                  >
                    <path
                      d="m9 18 6-6-6-6"
                    />
                  </svg>
                </button>
                <div>
                  <h3
                    class="text-2xl font-semibold leading-none tracking-tight"
                  >
                    Q1 2024 Budget
                  </h3>
                  <p
                    class="text-sm text-muted-foreground"
                  >
                    01/01/2024
                     - 
                    31/03/2024
                  </p>
                </div>
              </div>
              <div
                class="text-right"
              >
                <div
                  class="text-2xl font-bold"
                >
                  $
                  1,000,000
                </div>
                <div
                  class="inline-flex items-center rounded-full border px-2.5 py-0.5 text-xs font-semibold transition-colors focus:outline-none focus:ring-2 focus:ring-ring focus:ring-offset-2 text-foreground"
                >
                  0
                   sub-budgets
                </div>
              </div>
            </div>
          </div>
        </div>
        <div
          class="rounded-lg border bg-card text-card-foreground shadow-sm"
        >
          <div
            class="flex flex-col space-y-1.5 p-6"
          >
            <div
              class="flex items-center justify-between"
            >
              <div
                class="flex items-center gap-3"
              >
                <button
                  class="inline-flex items-center justify-center gap-2 whitespace-nowrap text-sm font-medium ring-offset-background transition-colors focus-visible:outline-none focus-visible:ring-2 focus-visible:ring-ring focus-visible:ring-offset-2 disabled:pointer-events-none disabled:opacity-50 [&_svg]:pointer-events-none [&_svg]:size-4 [&_svg]:shrink-0 hover:bg-accent hover:text-accent-foreground h-9 rounded-md px-3"
                >
                  <svg
                    class="lucide lucide-chevron-right h-4 w-4"
                    fill="none"
                    height="24"
                    stroke="currentColor"
                    stroke-linecap="round"
                    stroke-linejoin="round"
                    stroke-width="2"
                    viewBox="0 0 24 24"
                    width="24"
                    xmlns="http://www.w3.org/2000/svg"
                  >
                    <path
                      d="m9 18 6-6-6-6"
                    />
                  </svg>
                </button>
                <div>
                  <h3
                    class="text-2xl font-semibold leading-none tracking-tight"
                  >
                    Q2 2024 Budget
                  </h3>
                  <p
                    class="text-sm text-muted-foreground"
                  >
                    01/04/2024
                     - 
                    30/06/2024
                  </p>
                </div>
              </div>
              <div
                class="text-right"
              >
                <div
                  class="text-2xl font-bold"
                >
                  $
                  1,200,000
                </div>
                <div
                  class="inline-flex items-center rounded-full border px-2.5 py-0.5 text-xs font-semibold transition-colors focus:outline-none focus:ring-2 focus:ring-ring focus:ring-offset-2 text-foreground"
                >
                  0
                   sub-budgets
                </div>
              </div>
            </div>
          </div>
        </div>
      </div>
    </div>
  </div>
</body>

Ignored nodes: comments, script, style
<div>
  <div
    class="space-y-6"
  >
    <div
      class="flex items-center justify-between"
    >
      <div>
        <h1
          class="text-3xl font-bold"
        >
          Budget Management
        </h1>
        <p
          class="text-muted-foreground"
        >
          Manage master budgets, sub-budgets, and track spending
        </p>
      </div>
      <div
        class="flex gap-2"
      >
        <button
          class="inline-flex items-center justify-center gap-2 whitespace-nowrap rounded-md text-sm font-medium ring-offset-background transition-colors focus-visible:outline-none focus-visible:ring-2 focus-visible:ring-ring focus-visible:ring-offset-2 disabled:pointer-events-none disabled:opacity-50 [&_svg]:pointer-events-none [&_svg]:size-4 [&_svg]:shrink-0 border border-input bg-background hover:bg-accent hover:text-accent-foreground h-10 px-4 py-2"
        >
          <svg
            class="lucide lucide-upload h-4 w-4 mr-2"
            fill="none"
            height="24"
            stroke="currentColor"
            stroke-linecap="round"
            stroke-linejoin="round"
            stroke-width="2"
            viewBox="0 0 24 24"
            width="24"
            xmlns="http://www.w3.org/2000/svg"
          >
            <path
              d="M21 15v4a2 2 0 0 1-2 2H5a2 2 0 0 1-2-2v-4"
            />
            <polyline
              points="17 8 12 3 7 8"
            />
            <line
              x1="12"
              x2="12"
              y1="3"
              y2="15"
            />
          </svg>
          Upload Excel
        </button>
        <button
          class="inline-flex items-center justify-center gap-2 whitespace-nowrap rounded-md text-sm font-medium ring-offset-background transition-colors focus-visible:outline-none focus-visible:ring-2 focus-visible:ring-ring focus-visible:ring-offset-2 disabled:pointer-events-none disabled:opacity-50 [&_svg]:pointer-events-none [&_svg]:size-4 [&_svg]:shrink-0 bg-primary text-primary-foreground hover:bg-primary/90 h-10 px-4 py-2"
        >
          <svg
            class="lucide lucide-plus h-4 w-4 mr-2"
            fill="none"
            height="24"
            stroke="currentColor"
            stroke-linecap="round"
            stroke-linejoin="round"
            stroke-width="2"
            viewBox="0 0 24 24"
            width="24"
            xmlns="http://www.w3.org/2000/svg"
          >
            <path
              d="M5 12h14"
            />
            <path
              d="M12 5v14"
            />
          </svg>
          Create Master Budget
        </button>
      </div>
    </div>
    <div
      class="grid gap-4 md:grid-cols-3"
    >
      <div
        class="rounded-lg border bg-card text-card-foreground shadow-sm"
      >
        <div
          class="p-6 flex flex-row items-center justify-between space-y-0 pb-2"
        >
          <h3
            class="tracking-tight text-sm font-medium"
          >
            Total Budgets
          </h3>
          <svg
            class="lucide lucide-dollar-sign h-4 w-4 text-muted-foreground"
            fill="none"
            height="24"
            stroke="currentColor"
            stroke-linecap="round"
            stroke-linejoin="round"
            stroke-width="2"
            viewBox="0 0 24 24"
            width="24"
            xmlns="http://www.w3.org/2000/svg"
          >
            <line
              x1="12"
              x2="12"
              y1="2"
              y2="22"
            />
            <path
              d="M17 5H9.5a3.5 3.5 0 0 0 0 7h5a3.5 3.5 0 0 1 0 7H6"
            />
          </svg>
        </div>
        <div
          class="p-6 pt-0"
        >
          <div
            class="text-2xl font-bold"
          >
            2
          </div>
          <p
            class="text-xs text-muted-foreground"
          >
            Active master budgets
          </p>
        </div>
      </div>
      <div
        class="rounded-lg border bg-card text-card-foreground shadow-sm"
      >
        <div
          class="p-6 flex flex-row items-center justify-between space-y-0 pb-2"
        >
          <h3
            class="tracking-tight text-sm font-medium"
          >
            Total Allocated
          </h3>
          <svg
            class="lucide lucide-trending-up h-4 w-4 text-muted-foreground"
            fill="none"
            height="24"
            stroke="currentColor"
            stroke-linecap="round"
            stroke-linejoin="round"
            stroke-width="2"
            viewBox="0 0 24 24"
            width="24"
            xmlns="http://www.w3.org/2000/svg"
          >
            <polyline
              points="22 7 13.5 15.5 8.5 10.5 2 17"
            />
            <polyline
              points="16 7 22 7 22 13"
            />
          </svg>
        </div>
        <div
          class="p-6 pt-0"
        >
          <div
            class="text-2xl font-bold"
          >
            $
            2,200,000
          </div>
          <p
            class="text-xs text-muted-foreground"
          >
            Across all budgets
          </p>
        </div>
      </div>
      <div
        class="rounded-lg border bg-card text-card-foreground shadow-sm"
      >
        <div
          class="p-6 flex flex-row items-center justify-between space-y-0 pb-2"
        >
          <h3
            class="tracking-tight text-sm font-medium"
          >
            Budget Period
          </h3>
          <svg
            class="lucide lucide-circle-alert h-4 w-4 text-muted-foreground"
            fill="none"
            height="24"
            stroke="currentColor"
            stroke-linecap="round"
            stroke-linejoin="round"
            stroke-width="2"
            viewBox="0 0 24 24"
            width="24"
            xmlns="http://www.w3.org/2000/svg"
          >
            <circle
              cx="12"
              cy="12"
              r="10"
            />
            <line
              x1="12"
              x2="12"
              y1="8"
              y2="12"
            />
            <line
              x1="12"
              x2="12.01"
              y1="16"
              y2="16"
            />
          </svg>
        </div>
        <div
          class="p-6 pt-0"
        >
          <div
            class="text-2xl font-bold"
          >
            2024
          </div>
          <p
            class="text-xs text-muted-foreground"
          >
            Current fiscal year
          </p>
        </div>
      </div>
    </div>
    <div
      class="space-y-4"
    >
      <div
        class="rounded-lg border bg-card text-card-foreground shadow-sm"
      >
        <div
          class="flex flex-col space-y-1.5 p-6"
        >
          <div
            class="flex items-center justify-between"
          >
            <div
              class="flex items-center gap-3"
            >
              <button
                class="inline-flex items-center justify-center gap-2 whitespace-nowrap text-sm font-medium ring-offset-background transition-colors focus-visible:outline-none focus-visible:ring-2 focus-visible:ring-ring focus-visible:ring-offset-2 disabled:pointer-events-none disabled:opacity-50 [&_svg]:pointer-events-none [&_svg]:size-4 [&_svg]:shrink-0 hover:bg-accent hover:text-accent-foreground h-9 rounded-md px-3"
              >
                <svg
                  class="lucide lucide-chevron-right h-4 w-4"
                  fill="none"
                  height="24"
                  stroke="currentColor"
                  stroke-linecap="round"
                  stroke-linejoin="round"
                  stroke-width="2"
                  viewBox="0 0 24 24"
                  width="24"
                  xmlns="http://www.w3.org/2000/svg"
                >
                  <path
                    d="m9 18 6-6-6-6"
                  />
                </svg>
              </button>
              <div>
                <h3
                  class="text-2xl font-semibold leading-none tracking-tight"
                >
                  Q1 2024 Budget
                </h3>
                <p
                  class="text-sm text-muted-foreground"
                >
                  01/01/2024
                   - 
                  31/03/2024
                </p>
              </div>
            </div>
            <div
              class="text-right"
            >
              <div
                class="text-2xl font-bold"
              >
                $
                1,000,000
              </div>
              <div
                class="inline-flex items-center rounded-full border px-2.5 py-0.5 text-xs font-semibold transition-colors focus:outline-none focus:ring-2 focus:ring-ring focus:ring-offset-2 text-foreground"
              >
                0
                 sub-budgets
              </div>
            </div>
          </div>
        </div>
      </div>
      <div
        class="rounded-lg border bg-card text-card-foreground shadow-sm"
      >
        <div
          class="flex flex-col space-y-1.5 p-6"
        >
          <div
            class="flex items-center justify-between"
          >
            <div
              class="flex items-center gap-3"
            >
              <button
                class="inline-flex items-center justify-center gap-2 whitespace-nowrap text-sm font-medium ring-offset-background transition-colors focus-visible:outline-none focus-visible:ring-2 focus-visible:ring-ring focus-visible:ring-offset-2 disabled:pointer-events-none disabled:opacity-50 [&_svg]:pointer-events-none [&_svg]:size-4 [&_svg]:shrink-0 hover:bg-accent hover:text-accent-foreground h-9 rounded-md px-3"
              >
                <svg
                  class="lucide lucide-chevron-right h-4 w-4"
                  fill="none"
                  height="24"
                  stroke="currentColor"
                  stroke-linecap="round"
                  stroke-linejoin="round"
                  stroke-width="2"
                  viewBox="0 0 24 24"
                  width="24"
                  xmlns="http://www.w3.org/2000/svg"
                >
                  <path
                    d="m9 18 6-6-6-6"
                  />
                </svg>
              </button>
              <div>
                <h3
                  class="text-2xl font-semibold leading-none tracking-tight"
                >
                  Q2 2024 Budget
                </h3>
                <p
                  class="text-sm text-muted-foreground"
                >
                  01/04/2024
                   - 
                  30/06/2024
                </p>
              </div>
            </div>
            <div
              class="text-right"
            >
              <div
                class="text-2xl font-bold"
              >
                $
                1,200,000
              </div>
              <div
                class="inline-flex items-center rounded-full border px-2.5 py-0.5 text-xs font-semibold transition-colors focus:outline-none focus:ring-2 focus:ring-ring focus:ring-offset-2 text-foreground"
              >
                0
                 sub-budgets
              </div>
            </div>
          </div>
        </div>
      </div>
    </div>
  </div>
</div>

Ignored nodes: comments, script, style
<div
  class="space-y-6"
>
  <div
    class="flex items-center justify-between"
  >
    <div>
      <h1
        class="text-3xl font-bold"
      >
        Budget Management
      </h1>
      <p
        class="text-muted-foreground"
      >
        Manage master budgets, sub-budgets, and track spending
      </p>
    </div>
    <div
      class="flex gap-2"
    >
      <button
        class="inline-flex items-center justify-center gap-2 whitespace-nowrap rounded-md text-sm font-medium ring-offset-background transition-colors focus-visible:outline-none focus-visible:ring-2 focus-visible:ring-ring focus-visible:ring-offset-2 disabled:pointer-events-none disabled:opacity-50 [&_svg]:pointer-events-none [&_svg]:size-4 [&_svg]:shrink-0 border border-input bg-background hover:bg-accent hover:text-accent-foreground h-10 px-4 py-2"
      >
        <svg
          class="lucide lucide-upload h-4 w-4 mr-2"
          fill="none"
          height="24"
          stroke="currentColor"
          stroke-linecap="round"
          stroke-linejoin="round"
          stroke-width="2"
          viewBox="0 0 24 24"
          width="24"
          xmlns="http://www.w3.org/2000/svg"
        >
          <path
            d="M21 15v4a2 2 0 0 1-2 2H5a2 2 0 0 1-2-2v-4"
          />
          <polyline
            points="17 8 12 3 7 8"
          />
          <line
            x1="12"
            x2="12"
            y1="3"
            y2="15"
          />
        </svg>
        Upload Excel
      </button>
      <button
        class="inline-flex items-center justify-center gap-2 whitespace-nowrap rounded-md text-sm font-medium ring-offset-background transition-colors focus-visible:outline-none focus-visible:ring-2 focus-visible:ring-ring focus-visible:ring-offset-2 disabled:pointer-events-none disabled:opacity-50 [&_svg]:pointer-events-none [&_svg]:size-4 [&_svg]:shrink-0 bg-primary text-primary-foreground hover:bg-primary/90 h-10 px-4 py-2"
      >
        <svg
          class="lucide lucide-plus h-4 w-4 mr-2"
          fill="none"
          height="24"
          stroke="currentColor"
          stroke-linecap="round"
          stroke-linejoin="round"
          stroke-width="2"
          viewBox="0 0 24 24"
          width="24"
          xmlns="http://www.w3.org/2000/svg"
        >
          <path
            d="M5 12h14"
          />
          <path
            d="M12 5v14"
          />
        </svg>
        Create Master Budget
      </button>
    </div>
  </div>
  <div
    class="grid gap-4 md:grid-cols-3"
  >
    <div
      class="rounded-lg border bg-card text-card-foreground shadow-sm"
    >
      <div
        class="p-6 flex flex-row items-center justify-between space-y-0 pb-2"
      >
        <h3
          class="tracking-tight text-sm font-medium"
        >
          Total Budgets
        </h3>
        <svg
          class="lucide lucide-dollar-sign h-4 w-4 text-muted-foreground"
          fill="none"
          height="24"
          stroke="currentColor"
          stroke-linecap="round"
          stroke-linejoin="round"
          stroke-width="2"
          viewBox="0 0 24 24"
          width="24"
          xmlns="http://www.w3.org/2000/svg"
        >
          <line
            x1="12"
            x2="12"
            y1="2"
            y2="22"
          />
          <path
            d="M17 5H9.5a3.5 3.5 0 0 0 0 7h5a3.5 3.5 0 0 1 0 7H6"
          />
        </svg>
      </div>
      <div
        class="p-6 pt-0"
      >
        <div
          class="text-2xl font-bold"
        >
          2
        </div>
        <p
          class="text-xs text-muted-foreground"
        >
          Active master budgets
        </p>
      </div>
    </div>
    <div
      class="rounded-lg border bg-card text-card-foreground shadow-sm"
    >
      <div
        class="p-6 flex flex-row items-center justify-between space-y-0 pb-2"
      >
        <h3
          class="tracking-tight text-sm font-medium"
        >
          Total Allocated
        </h3>
        <svg
          class="lucide lucide-trending-up h-4 w-4 text-muted-foreground"
          fill="none"
          height="24"
          stroke="currentColor"
          stroke-linecap="round"
          stroke-linejoin="round"
          stroke-width="2"
          viewBox="0 0 24 24"
          width="24"
          xmlns="http://www.w3.org/2000/svg"
        >
          <polyline
            points="22 7 13.5 15.5 8.5 10.5 2 17"
          />
          <polyline
            points="16 7 22 7 22 13"
          />
        </svg>
      </div>
      <div
        class="p-6 pt-0"
      >
        <div
          class="text-2xl font-bold"
        >
          $
          2,200,000
        </div>
        <p
          class="text-xs text-muted-foreground"
        >
          Across all budgets
        </p>
      </div>
    </div>
    <div
      class="rounded-lg border bg-card text-card-foreground shadow-sm"
    >
      <div
        class="p-6 flex flex-row items-center justify-between space-y-0 pb-2"
      >
        <h3
          class="tracking-tight text-sm font-medium"
        >
          Budget Period
        </h3>
        <svg
          class="lucide lucide-circle-alert h-4 w-4 text-muted-foreground"
          fill="none"
          height="24"
          stroke="currentColor"
          stroke-linecap="round"
          stroke-linejoin="round"
          stroke-width="2"
          viewBox="0 0 24 24"
          width="24"
          xmlns="http://www.w3.org/2000/svg"
        >
          <circle
            cx="12"
            cy="12"
            r="10"
          />
          <line
            x1="12"
            x2="12"
            y1="8"
            y2="12"
          />
          <line
            x1="12"
            x2="12.01"
            y1="16"
            y2="16"
          />
        </svg>
      </div>
      <div
        class="p-6 pt-0"
      >
        <div
          class="text-2xl font-bold"
        >
          2024
        </div>
        <p
          class="text-xs text-muted-foreground"
        >
          Current fiscal year
        </p>
      </div>
    </div>
  </div>
  <div
    class="space-y-4"
  >
    <div
      class="rounded-lg border bg-card text-card-foreground shadow-sm"
    >
      <div
        class="flex flex-col space-y-1.5 p-6"
      >
        <div
          class="flex items-center justify-between"
        >
          <div
            class="flex items-center gap-3"
          >
            <button
              class="inline-flex items-center justify-center gap-2 whitespace-nowrap text-sm font-medium ring-offset-background transition-colors focus-visible:outline-none focus-visible:ring-2 focus-visible:ring-ring focus-visible:ring-offset-2 disabled:pointer-events-none disabled:opacity-50 [&_svg]:pointer-events-none [&_svg]:size-4 [&_svg]:shrink-0 hover:bg-accent hover:text-accent-foreground h-9 rounded-md px-3"
            >
              <svg
                class="lucide lucide-chevron-right h-4 w-4"
                fill="none"
                height="24"
                stroke="currentColor"
                stroke-linecap="round"
                stroke-linejoin="round"
                stroke-width="2"
                viewBox="0 0 24 24"
                width="24"
                xmlns="http://www.w3.org/2000/svg"
              >
                <path
                  d="m9 18 6-6-6-6"
                />
              </svg>
            </button>
            <div>
              <h3
                class="text-2xl font-semibold leading-none tracking-tight"
              >
                Q1 2024 Budget
              </h3>
              <p
                class="text-sm text-muted-foreground"
              >
                01/01/2024
                 - 
                31/03/2024
              </p>
            </div>
          </div>
          <div
            class="text-right"
          >
            <div
              class="text-2xl font-bold"
            >
              $
              1,000,000
            </div>
            <div
              class="inline-flex items-center rounded-full border px-2.5 py-0.5 text-xs font-semibold transition-colors focus:outline-none focus:ring-2 focus:ring-ring focus:ring-offset-2 text-foreground"
            >
              0
               sub-budgets
            </div>
          </div>
        </div>
      </div>
    </div>
    <div
      class="rounded-lg border bg-card text-card-foreground shadow-sm"
    >
      <div
        class="flex flex-col space-y-1.5 p-6"
      >
        <div
          class="flex items-center justify-between"
        >
          <div
            class="flex items-center gap-3"
          >
            <button
              class="inline-flex items-center justify-center gap-2 whitespace-nowrap text-sm font-medium ring-offset-background transition-colors focus-visible:outline-none focus-visible:ring-2 focus-visible:ring-ring focus-visible:ring-offset-2 disabled:pointer-events-none disabled:opacity-50 [&_svg]:pointer-events-none [&_svg]:size-4 [&_svg]:shrink-0 hover:bg-accent hover:text-accent-foreground h-9 rounded-md px-3"
            >
              <svg
                class="lucide lucide-chevron-right h-4 w-4"
                fill="none"
                height="24"
                stroke="currentColor"
                stroke-linecap="round"
                stroke-linejoin="round"
                stroke-width="2"
                viewBox="0 0 24 24"
                width="24"
                xmlns="http://www.w3.org/2000/svg"
              >
                <path
                  d="m9 18 6-6-6-6"
                />
              </svg>
            </button>
            <div>
              <h3
                class="text-2xl font-semibold leading-none tracking-tight"
              >
                Q2 2024 Budget
              </h3>
              <p
                class="text-sm text-muted-foreground"
              >
                01/04/2024
                 - 
                30/06/2024
              </p>
            </div>
          </div>
          <div
            class="text-right"
          >
            <div
              class="text-2xl font-bold"
            >
              $
              1,200,000
            </div>
            <div
              class="inline-flex items-center rounded-full border px-2.5 py-0.5 text-xs font-semibold transition-colors focus:outline-none focus:ring-2 focus:ring-ring focus:ring-offset-2 text-foreground"
            >
              0
               sub-budgets
            </div>
          </div>
        </div>
      </div>
    </div>
  </div>
</div>

Ignored nodes: comments, script, style
<div
  class="space-y-4"
>
  <div
    class="rounded-lg border bg-card text-card-foreground shadow-sm"
  >
    <div
      class="flex flex-col space-y-1.5 p-6"
    >
      <div
        class="flex items-center justify-between"
      >
        <div
          class="flex items-center gap-3"
        >
          <button
            class="inline-flex items-center justify-center gap-2 whitespace-nowrap text-sm font-medium ring-offset-background transition-colors focus-visible:outline-none focus-visible:ring-2 focus-visible:ring-ring focus-visible:ring-offset-2 disabled:pointer-events-none disabled:opacity-50 [&_svg]:pointer-events-none [&_svg]:size-4 [&_svg]:shrink-0 hover:bg-accent hover:text-accent-foreground h-9 rounded-md px-3"
          >
            <svg
              class="lucide lucide-chevron-right h-4 w-4"
              fill="none"
              height="24"
              stroke="currentColor"
              stroke-linecap="round"
              stroke-linejoin="round"
              stroke-width="2"
              viewBox="0 0 24 24"
              width="24"
              xmlns="http://www.w3.org/2000/svg"
            >
              <path
                d="m9 18 6-6-6-6"
              />
            </svg>
          </button>
          <div>
            <h3
              class="text-2xl font-semibold leading-none tracking-tight"
            >
              Q1 2024 Budget
            </h3>
            <p
              class="text-sm text-muted-foreground"
            >
              01/01/2024
               - 
              31/03/2024
            </p>
          </div>
        </div>
        <div
          class="text-right"
        >
          <div
            class="text-2xl font-bold"
          >
            $
            1,000,000
          </div>
          <div
            class="inline-flex items-center rounded-full border px-2.5 py-0.5 text-xs font-semibold transition-colors focus:outline-none focus:ring-2 focus:ring-ring focus:ring-offset-2 text-foreground"
          >
            0
             sub-budgets
          </div>
        </div>
      </div>
    </div>
  </div>
  <div
    class="rounded-lg border bg-card text-card-foreground shadow-sm"
  >
    <div
      class="flex flex-col space-y-1.5 p-6"
    >
      <div
        class="flex items-center justify-between"
      >
        <div
          class="flex items-center gap-3"
        >
          <button
            class="inline-flex items-center justify-center gap-2 whitespace-nowrap text-sm font-medium ring-offset-background transition-colors focus-visible:outline-none focus-visible:ring-2 focus-visible:ring-ring focus-visible:ring-offset-2 disabled:pointer-events-none disabled:opacity-50 [&_svg]:pointer-events-none [&_svg]:size-4 [&_svg]:shrink-0 hover:bg-accent hover:text-accent-foreground h-9 rounded-md px-3"
          >
            <svg
              class="lucide lucide-chevron-right h-4 w-4"
              fill="none"
              height="24"
              stroke="currentColor"
              stroke-linecap="round"
              stroke-linejoin="round"
              stroke-width="2"
              viewBox="0 0 24 24"
              width="24"
              xmlns="http://www.w3.org/2000/svg"
            >
              <path
                d="m9 18 6-6-6-6"
              />
            </svg>
          </button>
          <div>
            <h3
              class="text-2xl font-semibold leading-none tracking-tight"
            >
              Q2 2024 Budget
            </h3>
            <p
              class="text-sm text-muted-foreground"
            >
              01/04/2024
               - 
              30/06/2024
            </p>
          </div>
        </div>
        <div
          class="text-right"
        >
          <div
            class="text-2xl font-bold"
          >
            $
            1,200,000
          </div>
          <div
            class="inline-flex items-center rounded-full border px-2.5 py-0.5 text-xs font-semibold transition-colors focus:outline-none focus:ring-2 focus:ring-ring focus:ring-offset-2 text-foreground"
          >
            0
             sub-budgets
          </div>
        </div>
      </div>
    </div>
  </div>
</div>

Ignored nodes: comments, script, style
<div
  class="rounded-lg border bg-card text-card-foreground shadow-sm"
>
  <div
    class="flex flex-col space-y-1.5 p-6"
  >
    <div
      class="flex items-center justify-between"
    >
      <div
        class="flex items-center gap-3"
      >
        <button
          class="inline-flex items-center justify-center gap-2 whitespace-nowrap text-sm font-medium ring-offset-background transition-colors focus-visible:outline-none focus-visible:ring-2 focus-visible:ring-ring focus-visible:ring-offset-2 disabled:pointer-events-none disabled:opacity-50 [&_svg]:pointer-events-none [&_svg]:size-4 [&_svg]:shrink-0 hover:bg-accent hover:text-accent-foreground h-9 rounded-md px-3"
        >
          <svg
            class="lucide lucide-chevron-right h-4 w-4"
            fill="none"
            height="24"
            stroke="currentColor"
            stroke-linecap="round"
            stroke-linejoin="round"
            stroke-width="2"
            viewBox="0 0 24 24"
            width="24"
            xmlns="http://www.w3.org/2000/svg"
          >
            <path
              d="m9 18 6-6-6-6"
            />
          </svg>
        </button>
        <div>
          <h3
            class="text-2xl font-semibold leading-none tracking-tight"
          >
            Q1 2024 Budget
          </h3>
          <p
            class="text-sm text-muted-foreground"
          >
            01/01/2024
             - 
            31/03/2024
          </p>
        </div>
      </div>
      <div
        class="text-right"
      >
        <div
          class="text-2xl font-bold"
        >
          $
          1,000,000
        </div>
        <div
          class="inline-flex items-center rounded-full border px-2.5 py-0.5 text-xs font-semibold transition-colors focus:outline-none focus:ring-2 focus:ring-ring focus:ring-offset-2 text-foreground"
        >
          0
           sub-budgets
        </div>
      </div>
    </div>
  </div>
</div>

Ignored nodes: comments, script, style
<div
  class="flex flex-col space-y-1.5 p-6"
>
  <div
    class="flex items-center justify-between"
  >
    <div
      class="flex items-center gap-3"
    >
      <button
        class="inline-flex items-center justify-center gap-2 whitespace-nowrap text-sm font-medium ring-offset-background transition-colors focus-visible:outline-none focus-visible:ring-2 focus-visible:ring-ring focus-visible:ring-offset-2 disabled:pointer-events-none disabled:opacity-50 [&_svg]:pointer-events-none [&_svg]:size-4 [&_svg]:shrink-0 hover:bg-accent hover:text-accent-foreground h-9 rounded-md px-3"
      >
        <svg
          class="lucide lucide-chevron-right h-4 w-4"
          fill="none"
          height="24"
          stroke="currentColor"
          stroke-linecap="round"
          stroke-linejoin="round"
          stroke-width="2"
          viewBox="0 0 24 24"
          width="24"
          xmlns="http://www.w3.org/2000/svg"
        >
          <path
            d="m9 18 6-6-6-6"
          />
        </svg>
      </button>
      <div>
        <h3
          class="text-2xl font-semibold leading-none tracking-tight"
        >
          Q1 2024 Budget
        </h3>
        <p
          class="text-sm text-muted-foreground"
        >
          01/01/2024
           - 
          31/03/2024
        </p>
      </div>
    </div>
    <div
      class="text-right"
    >
      <div
        class="text-2xl font-bold"
      >
        $
        1,000,000
      </div>
      <div
        class="inline-flex items-center rounded-full border px-2.5 py-0.5 text-xs font-semibold transition-colors focus:outline-none focus:ring-2 focus:ring-ring focus:ring-offset-2 text-foreground"
      >
        0
         sub-budgets
      </div>
    </div>
  </div>
</div>

Ignored nodes: comments, script, style
<div
  class="flex items-center justify-between"
>
  <div
    class="flex items-center gap-3"
  >
    <button
      class="inline-flex items-center justify-center gap-2 whitespace-nowrap text-sm font-medium ring-offset-background transition-colors focus-visible:outline-none focus-visible:ring-2 focus-visible:ring-ring focus-visible:ring-offset-2 disabled:pointer-events-none disabled:opacity-50 [&_svg]:pointer-events-none [&_svg]:size-4 [&_svg]:shrink-0 hover:bg-accent hover:text-accent-foreground h-9 rounded-md px-3"
    >
      <svg
        class="lucide lucide-chevron-right h-4 w-4"
        fill="none"
        height="24"
        stroke="currentColor"
        stroke-linecap="round"
        stroke-linejoin="round"
        stroke-width="2"
        viewBox="0 0 24 24"
        width="24"
        xmlns="http://www.w3.org/2000/svg"
      >
        <path
          d="m9 18 6-6-6-6"
        />
      </svg>
    </button>
    <div>
      <h3
        class="text-2xl font-semibold leading-none tracking-tight"
      >
        Q1 2024 Budget
      </h3>
      <p
        class="text-sm text-muted-foreground"
      >
        01/01/2024
         - 
        31/03/2024
      </p>
    </div>
  </div>
  <div
    class="text-right"
  >
    <div
      class="text-2xl font-bold"
    >
      $
      1,000,000
    </div>
    <div
      class="inline-flex items-center rounded-full border px-2.5 py-0.5 text-xs font-semibold transition-colors focus:outline-none focus:ring-2 focus:ring-ring focus:ring-offset-2 text-foreground"
    >
      0
       sub-budgets
    </div>
  </div>
</div>

Ignored nodes: comments, script, style
<div
  class="text-right"
>
  <div
    class="text-2xl font-bold"
  >
    $
    1,000,000
  </div>
  <div
    class="inline-flex items-center rounded-full border px-2.5 py-0.5 text-xs font-semibold transition-colors focus:outline-none focus:ring-2 focus:ring-ring focus:ring-offset-2 text-foreground"
  >
    0
     sub-budgets
  </div>
</div>

Ignored nodes: comments, script, style
<div
  class="text-2xl font-bold"
>
  $
  1,000,000
</div>

(If this is intentional, then use the `*AllBy*` variant of the query (like `queryAllByText`, `getAllByText`, or `findAllByText`)).

Ignored nodes: comments, script, style
<body>
  <div>
    <div
      class="space-y-6"
    >
      <div
        class="flex items-center justify-between"
      >
        <div>
          <h1
            class="text-3xl font-bold"
          >
            Budget Management
          </h1>
          <p
            class="text-muted-foreground"
          >
            Manage master budgets, sub-budgets, and track spending
          </p>
        </div>
        <div
          class="flex gap-2"
        >
          <button
            class="inline-flex items-center justify-center gap-2 whitespace-nowrap rounded-md text-sm font-medium ring-offset-background transition-colors focus-visible:outline-none focus-visible:ring-2 focus-visible:ring-ring focus-visible:ring-offset-2 disabled:pointer-events-none disabled:opacity-50 [&_svg]:pointer-events-none [&_svg]:size-4 [&_svg]:shrink-0 border border-input bg-background hover:bg-accent hover:text-accent-foreground h-10 px-4 py-2"
          >
            <svg
              class="lucide lucide-upload h-4 w-4 mr-2"
              fill="none"
              height="24"
              stroke="currentColor"
              stroke-linecap="round"
              stroke-linejoin="round"
              stroke-width="2"
              viewBox="0 0 24 24"
              width="24"
              xmlns="http://www.w3.org/2000/svg"
            >
              <path
                d="M21 15v4a2 2 0 0 1-2 2H5a2 2 0 0 1-2-2v-4"
              />
              <polyline
                points="17 8 12 3 7 8"
              />
              <line
                x1="12"
                x2="12"
                y1="3"
                y2="15"
              />
            </svg>
            Upload Excel
          </button>
          <button
            class="inline-flex items-center justify-center gap-2 whitespace-nowrap rounded-md text-sm font-medium ring-offset-background transition-colors focus-visible:outline-none focus-visible:ring-2 focus-visible:ring-ring focus-visible:ring-offset-2 disabled:pointer-events-none disabled:opacity-50 [&_svg]:pointer-events-none [&_svg]:size-4 [&_svg]:shrink-0 bg-primary text-primary-foreground hover:bg-primary/90 h-10 px-4 py-2"
          >
            <svg
              class="lucide lucide-plus h-4 w-4 mr-2"
              fill="none"
              height="24"
              stroke="currentColor"
              stroke-linecap="round"
              stroke-linejoin="round"
              stroke-width="2"
              viewBox="0 0 24 24"
              width="24"
              xmlns="http://www.w3.org/2000/svg"
            >
              <path
                d="M5 12h14"
              />
              <path
                d="M12 5v14"
              />
            </svg>
            Create Master Budget
          </button>
        </div>
      </div>
      <div
        class="grid gap-4 md:grid-cols-3"
      >
        <div
          class="rounded-lg border bg-card text-card-foreground shadow-sm"
        >
          <div
            class="p-6 flex flex-row items-center justify-between space-y-0 pb-2"
          >
            <h3
              class="tracking-tight text-sm font-medium"
            >
              Total Budgets
            </h3>
            <svg
              class="lucide lucide-dollar-sign h-4 w-4 text-muted-foreground"
              fill="none"
              height="24"
              stroke="currentColor"
              stroke-linecap="round"
              stroke-linejoin="round"
              stroke-width="2"
              viewBox="0 0 24 24"
              width="24"
              xmlns="http://www.w3.org/2000/svg"
            >
              <line
                x1="12"
                x2="12"
                y1="2"
                y2="22"
              />
              <path
                d="M17 5H9.5a3.5 3.5 0 0 0 0 7h5a3.5 3.5 0 0 1 0 7H6"
              />
            </svg>
          </div>
          <div
            class="p-6 pt-0"
          >
            <div
              class="text-2xl font-bold"
            >
              2
            </div>
            <p
              class="text-xs text-muted-foreground"
            >
              Active master budgets
            </p>
          </div>
        </div>
        <div
          class="rounded-lg border bg-card text-card-foreground shadow-sm"
        >
          <div
            class="p-6 flex flex-row items-center justify-between space-y-0 pb-2"
          >
            <h3
              class="tracking-tight text-sm font-medium"
            >
              Total Allocated
            </h3>
            <svg
              class="lucide lucide-trending-up h-4 w-4 text-muted-foreground"
              fill="none"
              height="24"
              stroke="currentColor"
              stroke-linecap="round"
              stroke-linejoin="round"
              stroke-width="2"
              viewBox="0 0 24 24"
              width="24"
              xmlns="http://www.w3.org/2000/svg"
            >
              <polyline
                points="22 7 13.5 15.5 8.5 10.5 2 17"
              />
              <polyline
                points="16 7 22 7 22 13"
              />
            </svg>
          </div>
          <div
            class="p-6 pt-0"
          >
            <div
              class="text-2xl font-bold"
            >
              $
              2,200,000
            </div>
            <p
              class="text-xs text-muted-foreground"
            >
              Across all budgets
            </p>
          </div>
        </div>
        <div
          class="rounded-lg border bg-card text-card-foreground shadow-sm"
        >
          <div
            class="p-6 flex flex-row items-center justify-between space-y-0 pb-2"
          >
            <h3
              class="tracking-tight text-sm font-medium"
            >
              Budget Period
            </h3>
            <svg
              class="lucide lucide-circle-alert h-4 w-4 text-muted-foreground"
              fill="none"
              height="24"
              stroke="currentColor"
              stroke-linecap="round"
              stroke-linejoin="round"
              stroke-width="2"
              viewBox="0 0 24 24"
              width="24"
              xmlns="http://www.w3.org/2000/svg"
            >
              <circle
                cx="12"
                cy="12"
                r="10"
              />
              <line
                x1="12"
                x2="12"
                y1="8"
                y2="12"
              />
              <line
                x1="12"
                x2="12.01"
                y1="16"
                y2="16"
              />
            </svg>
          </div>
          <div
            class="p-6 pt-0"
          >
            <div
              class="text-2xl font-bold"
            >
              2024
            </div>
            <p
              class="text-xs text-muted-foreground"
            >
              Current fiscal year
            </p>
          </div>
        </div>
      </div>
      <div
        class="space-y-4"
      >
        <div
          class="rounded-lg border bg-card text-card-foreground shadow-sm"
        >
          <div
            class="flex flex-col space-y-1.5 p-6"
          >
            <div
              class="flex items-center justify-between"
            >
              <div
                class="flex items-center gap-3"
              >
                <button
                  class="inline-flex items-center justify-center gap-2 whitespace-nowrap text-sm font-medium ring-offset-background transition-colors focus-visible:outline-none focus-visible:ring-2 focus-visible:ring-ring focus-visible:ring-offset-2 disabled:pointer-events-none disabled:opacity-50 [&_svg]:pointer-events-none [&_svg]:size-4 [&_svg]:shrink-0 hover:bg-accent hover:text-accent-foreground h-9 rounded-md px-3"
                >
                  <svg
                    class="lucide lucide-chevron-right h-4 w-4"
                    fill="none"
                    height="24"
                    stroke="currentColor"
                    stroke-linecap="round"
                    stroke-linejoin="round"
                    stroke-width="2"
                    viewBox="0 0 24 24"
                    width="24"
                    xmlns="http://www.w3.org/2000/svg"
                  >
                    <path
                      d="m9 18 6-6-6-6"
                    />
                  </svg>
                </button>
                <div>
                  <h3
                    class="text-2xl font-semibold leading-none tracking-tight"
                  >
                    Q1 2024 Budget
                  </h3>
                  <p
                    class="text-sm text-muted-foreground"
                  >
                    01/01/2024
                     - 
                    31/03/2024
                  </p>
                </div>
              </div>
              <div
                class="text-right"
              >
                <div
                  class="text-2xl font-bold"
                >
                  $
                  1,000,000
                </div>
                <div
                  class="inline-flex items-center rounded-full border px-2.5 py-0.5 text-xs font-semibold transition-colors focus:outline-none focus:ring-2 focus:ring-ring focus:ring-offset-2 text-foreground"
                >
                  0
                   sub-budgets
                </div>
              </div>
            </div>
          </div>
        </div>
        <div
          class="rounded-lg border bg-card text-card-foreground shadow-sm"
        >
          <div
            class="flex flex-col space-y-1.5 p-6"
          >
            <div
              class="flex items-center justify-between"
            >
              <div
                class="flex items-center gap-3"
              >
                <button
                  class="inline-flex items-center justify-center gap-2 whitespace-nowrap text-sm font-medium ring-offset-background transition-colors focus-visible:outline-none focus-visible:ring-2 focus-visible:ring-ring focus-visible:ring-offset-2 disabled:pointer-events-none disabled:opacity-50 [&_svg]:pointer-events-none [&_svg]:size-4 [&_svg]:shrink-0 hover:bg-accent hover:text-accent-foreground h-9 rounded-md px-3"
                >
                  <svg
                    class="lucide lucide-chevron-right h-4 w-4"
                    fill="none"
                    height="24"
                    stroke="currentColor"
                    stroke-linecap="round"
                    stroke-linejoin="round"
                    stroke-width="2"
                    viewBox="0 0 24 24"
                    width="24"
                    xmlns="http://www.w3.org/2000/svg"
                  >
                    <path
                      d="m9 18 6-6-6-6"
                    />
                  </svg>
                </button>
                <div>
                  <h3
                    class="text-2xl font-semibold leading-none tracking-tight"
                  >
                    Q2 2024 Budget
                  </h3>
                  <p
                    class="text-sm text-muted-foreground"
                  >
                    01/04/2024
                     - 
                    30/06/2024
                  </p>
                </div>
              </div>
              <div
                class="text-right"
              >
                <div
                  class="text-2xl font-bold"
                >
                  $
                  1,200,000
                </div>
                <div
                  class="inline-flex items-center rounded-full border px-2.5 py-0.5 text-xs font-semibold transition-colors focus:outline-none focus:ring-2 focus:ring-ring focus:ring-offset-2 text-foreground"
                >
                  0
                   sub-budgets
                </div>
              </div>
            </div>
          </div>
        </div>
      </div>
    </div>
  </div>
</body>

Ignored nodes: comments, script, style
<html>
  <head />
  <body>
    <div>
      <div
        class="space-y-6"
      >
        <div
          class="flex items-center justify-between"
        >
          <div>
            <h1
              class="text-3xl font-bold"
            >
              Budget Management
            </h1>
            <p
              class="text-muted-foreground"
            >
              Manage master budgets, sub-budgets, and track spending
            </p>
          </div>
          <div
            class="flex gap-2"
          >
            <button
              class="inline-flex items-center justify-center gap-2 whitespace-nowrap rounded-md text-sm font-medium ring-offset-background transition-colors focus-visible:outline-none focus-visible:ring-2 focus-visible:ring-ring focus-visible:ring-offset-2 disabled:pointer-events-none disabled:opacity-50 [&_svg]:pointer-events-none [&_svg]:size-4 [&_svg]:shrink-0 border border-input bg-background hover:bg-accent hover:text-accent-foreground h-10 px-4 py-2"
            >
              <svg
                class="lucide lucide-upload h-4 w-4 mr-2"
                fill="none"
                height="24"
                stroke="currentColor"
                stroke-linecap="round"
                stroke-linejoin="round"
                stroke-width="2"
                viewBox="0 0 24 24"
                width="24"
                xmlns="http://www.w3.org/2000/svg"
              >
                <path
                  d="M21 15v4a2 2 0 0 1-2 2H5a2 2 0 0 1-2-2v-4"
                />
                <polyline
                  points="17 8 12 3 7 8"
                />
                <line
                  x1="12"
                  x2="12"
                  y1="3"
                  y2="15"
                />
              </svg>
              Upload Excel
            </button>
            <button
              class="inline-flex items-center justify-center gap-2 whitespace-nowrap rounded-md text-sm font-medium ring-offset-background transition-colors focus-visible:outline-none focus-visible:ring-2 focus-visible:ring-ring focus-visible:ring-offset-2 disabled:pointer-events-none disabled:opacity-50 [&_svg]:pointer-events-none [&_svg]:size-4 [&_svg]:shrink-0 bg-primary text-primary-foreground hover:bg-primary/90 h-10 px-4 py-2"
            >
              <svg
                class="lucide lucide-plus h-4 w-4 mr-2"
                fill="none"
                height="24"
                stroke="currentColor"
                stroke-linecap="round"
                stroke-linejoin="round"
                stroke-width="2"
                viewBox="0 0 24 24"
                width="24"
                xmlns="http://www.w3.org/2000/svg"
              >
                <path
                  d="M5 12h14"
                />
                <path
                  d="M12 5v14"
                />
              </svg>
              Create Master Budget
            </button>
          </div>
        </div>
        <div
          class="grid gap-4 md:grid-cols-3"
        >
          <div
            class="rounded-lg border bg-card text-card-foreground shadow-sm"
          >
            <div
              class="p-6 flex flex-row items-center justify-between space-y-0 pb-2"
            >
              <h3
                class="tracking-tight text-sm font-medium"
              >
                Total Budgets
              </h3>
              <svg
                class="lucide lucide-dollar-sign h-4 w-4 text-muted-foreground"
                fill="none"
                height="24"
                stroke="currentColor"
                stroke-linecap="round"
                stroke-linejoin="round"
                stroke-width="2"
                viewBox="0 0 24 24"
                width="24"
                xmlns="http://www.w3.org/2000/svg"
              >
                <line
                  x1="12"
                  x2="12"
                  y1="2"
                  y2="22"
                />
                <path
                  d="M17 5H9.5a3.5 3.5 0 0 0 0 7h5a3.5 3.5 0 0 1 0 7H6"
                />
              </svg>
            </div>
            <div
              class="p-6 pt-0"
            >
              <div
                class="text-2xl font-bold"
              >
                2
              </div>
              <p
                class="text-xs text-muted-foreground"
              >
                Active master budgets
              </p>
            </div>
          </div>
          <div
            class="rounded-lg border bg-card text-card-foreground shadow-sm"
          >
            <div
              class="p-6 flex flex-row items-center justify-between space-y-0 pb-2"
            >
              <h3
                class="tracking-tight text-sm font-medium"
              >
                Total Allocated
              </h3>
              <svg
                class="lucide lucide-trending-up h-4 w-4 text-muted-foreground"
                fill="none"
                height="24"
                stroke="currentColor"
                stroke-linecap="round"
                stroke-linejoin="round"
                stroke-width="2"
                viewBox="0 0 24 24"
                width="24"
                xmlns="http://www.w3.org/2000/svg"
              >
                <polyline
                  points="22 7 13.5 15.5 8.5 10.5 2 17"
                />
                <polyline
                  points="16 7 22 7 22 13"
                />
              </svg>
            </div>
            <div
              class="p-6 pt-0"
            >
              <div
                class="text-2xl font-bold"
              >
                $
                2,200,000
              </div>
              <p
                class="text-xs text-muted-foreground"
              >
                Across all budgets
              </p>
            </div>
          </div>
          <div
            class="rounded-lg border bg-card text-card-foreground shadow-sm"
          >
            <div
              class="p-6 flex flex-row items-center justify-between space-y-0 pb-2"
            >
              <h3
                class="tracking-tight text-sm font-medium"
              >
                Budget Period
              </h3>
              <svg
                class="lucide lucide-circle-alert h-4 w-4 text-muted-foreground"
                fill="none"
                height="24"
                stroke="currentColor"
                stroke-linecap="round"
                stroke-linejoin="round"
                stroke-width="2"
                viewBox="0 0 24 24"
                width="24"
                xmlns="http://www.w3.org/2000/svg"
              >
                <circle
                  cx="12"
                  cy="12"
                  r="10"
                />
                <line
                  x1="12"
                  x2="12"
                  y1="8"
                  y2="12"
                />
                <line
                  x1="12"
                  x2="12.01"
                  y1="16"
                  y2="16"
                />
              </svg>
            </div>
            <div
              class="p-6 pt-0"
            >
              <div
                class="text-2xl font-bold"
              >
                2024
              </div>
              <p
                class="text-xs text-muted-foreground"
              >
                Current fiscal year
              </p>
            </div>
          </div>
        </div>
        <div
          class="space-y-4"
        >
          <div
            class="rounded-lg border bg-card text-card-foreground shadow-sm"
          >
            <div
              class="flex flex-col space-y-1.5 p-6"
            >
              <div
                class="flex items-center justify-between"
              >
                <div
                  class="flex items-center gap-3"
                >
                  <button
                    class="inline-flex items-center justify-center gap-2 whitespace-nowrap text-sm font-medium ring-offset-background transition-colors focus-visible:outline-none focus-visible:ring-2 focus-visible:ring-ring focus-visible:ring-offset-2 disabled:pointer-events-none disabled:opacity-50 [&_svg]:pointer-events-none [&_svg]:size-4 [&_svg]:shrink-0 hover:bg-accent hover:text-accent-foreground h-9 rounded-md px-3"
                  >
                    <svg
                      class="lucide lucide-chevron-right h-4 w-4"
                      fill="none"
                      height="24"
                      stroke="currentColor"
                      stroke-linecap="round"
                      stroke-linejoin="round"
                      stroke-width="2"
                      viewBox="0 0 24 24"
                      width="24"
                      xmlns="http://www.w3.org/2000/svg"
                    >
                      <path
                        d="m9 18 6-6-6-6"
                      />
                    </svg>
                  </button>
                  <div>
                    <h3
                      class="text-2xl font-semibold leading-none tracking-tight"
                    >
                      Q1 2024 Budget
                    </h3>
                    <p
                      class="text-sm text-muted-foreground"
                    >
                      01/01/2024
                       - 
                      31/03/2024
                    </p>
                  </div>
                </div>
                <div
                  class="text-right"
                >
                  <div
                    class="text-2xl font-bold"
                  >
                    $
                    1,000,000
                  </div>
                  <div
                    class="inline-flex items-center rounded-full border px-2.5 py-0.5 text-xs font-semibold transition-colors focus:outline-none focus:ring-2 focus:ring-ring focus:ring-offset-2 text-foreground"
                  >
                    0
                     sub-budgets
                  </div>
                </div>
              </div>
            </div>
          </div>
          <div
            class="rounded-lg border bg-card text-card-foreground shadow-sm"
          >
            <div
              class="flex flex-col space-y-1.5 p-6"
            >
              <div
                class="flex items-center justify-between"
              >
                <div
                  class="flex items-center gap-3"
                >
                  <button
                    class="inline-flex items-center justify-center gap-2 whitespace-nowrap text-sm font-medium ring-offset-background transition-colors focus-visible:outline-none focus-visible:ring-2 focus-visible:ring-ring focus-visible:ring-offset-2 disabled:pointer-events-none disabled:opacity-50 [&_svg]:pointer-events-none [&_svg]:size-4 [&_svg]:shrink-0 hover:bg-accent hover:text-accent-foreground h-9 rounded-md px-3"
                  >
                    <svg
                      class="lucide lucide-chevron-right h-4 w-4"
                      fill="none"
                      height="24"
                      stroke="currentColor"
                      stroke-linecap="round"
                      stroke-linejoin="round"
                      stroke-width="2"
                      viewBox="0 0 24 24"
                      width="24"
                      xmlns="http://www.w3.org/2000/svg"
                    >
                      <path
                        d="m9 18 6-6-6-6"
                      />
                    </svg>
                  </button>
                  <div>
                    <h3
                      class="text-2xl font-semibold leading-none tracking-tight"
                    >
                      Q2 2024 Budget
                    </h3>
                    <p
                      class="text-sm text-muted-foreground"
                    >
                      01/04/2024
                       - 
                      30/06/2024
                    </p>
                  </div>
                </div>
                <div
                  class="text-right"
                >
                  <div
                    class="text-2xl font-bold"
                  >
                    $
                    1,200,000
                  </div>
                  <div
                    class="inline-flex items-center rounded-full border px-2.5 py-0.5 text-xs font-semibold transition-colors focus:outline-none focus:ring-2 focus:ring-ring focus:ring-offset-2 text-foreground"
                  >
                    0
                     sub-budgets
                  </div>
                </div>
              </div>
            </div>
          </div>
        </div>
      </div>
    </div>
  </body>
</html>
 ÔØ» Proxy.waitFor node_modules/@testing-library/dom/dist/wait-for.js:163:27
 ÔØ» src/pages/finance/__tests__/BudgetManagement.test.tsx:94:11
     92|     render(<BudgetManagement />, { wrapper: createWrapper() });
     93| 
     94|     await waitFor(() => {
       |           ^
     95|       expect(screen.getByText('Q1 2024 Budget')).toBeInTheDocument();
     96|       expect(screen.getByText('Q2 2024 Budget')).toBeInTheDocument();

ÔÄ»ÔÄ»ÔÄ»ÔÄ»ÔÄ»ÔÄ»ÔÄ»ÔÄ»ÔÄ»ÔÄ»ÔÄ»ÔÄ»ÔÄ»ÔÄ»ÔÄ»ÔÄ»ÔÄ»ÔÄ»ÔÄ»ÔÄ»ÔÄ»ÔÄ»ÔÄ»[1/12]ÔÄ»

 FAIL  src/pages/finance/__tests__/BudgetManagement.test.tsx > BudgetManagement > shows empty state when no budgets
TestingLibraryElementError: Unable to find an element with the text: /No master budgets found/i. This could be because the text is broken up by multiple elements. In this case, you can provide a function for your text matcher to make your matcher more flexible.

Ignored nodes: comments, script, style
<body>
  <div>
    <div
      class="space-y-6"
    >
      <div
        class="flex items-center justify-between"
      >
        <div>
          <h1
            class="text-3xl font-bold"
          >
            Budget Management
          </h1>
          <p
            class="text-muted-foreground"
          >
            Manage master budgets, sub-budgets, and track spending
          </p>
        </div>
        <div
          class="flex gap-2"
        >
          <button
            class="inline-flex items-center justify-center gap-2 whitespace-nowrap rounded-md text-sm font-medium ring-offset-background transition-colors focus-visible:outline-none focus-visible:ring-2 focus-visible:ring-ring focus-visible:ring-offset-2 disabled:pointer-events-none disabled:opacity-50 [&_svg]:pointer-events-none [&_svg]:size-4 [&_svg]:shrink-0 border border-input bg-background hover:bg-accent hover:text-accent-foreground h-10 px-4 py-2"
          >
            <svg
              class="lucide lucide-upload h-4 w-4 mr-2"
              fill="none"
              height="24"
              stroke="currentColor"
              stroke-linecap="round"
              stroke-linejoin="round"
              stroke-width="2"
              viewBox="0 0 24 24"
              width="24"
              xmlns="http://www.w3.org/2000/svg"
            >
              <path
                d="M21 15v4a2 2 0 0 1-2 2H5a2 2 0 0 1-2-2v-4"
              />
              <polyline
                points="17 8 12 3 7 8"
              />
              <line
                x1="12"
                x2="12"
                y1="3"
                y2="15"
              />
            </svg>
            Upload Excel
          </button>
          <button
            class="inline-flex items-center justify-center gap-2 whitespace-nowrap rounded-md text-sm font-medium ring-offset-background transition-colors focus-visible:outline-none focus-visible:ring-2 focus-visible:ring-ring focus-visible:ring-offset-2 disabled:pointer-events-none disabled:opacity-50 [&_svg]:pointer-events-none [&_svg]:size-4 [&_svg]:shrink-0 bg-primary text-primary-foreground hover:bg-primary/90 h-10 px-4 py-2"
          >
            <svg
              class="lucide lucide-plus h-4 w-4 mr-2"
              fill="none"
              height="24"
              stroke="currentColor"
              stroke-linecap="round"
              stroke-linejoin="round"
              stroke-width="2"
              viewBox="0 0 24 24"
              width="24"
              xmlns="http://www.w3.org/2000/svg"
            >
              <path
                d="M5 12h14"
              />
              <path
                d="M12 5v14"
              />
            </svg>
            Create Master Budget
          </button>
        </div>
      </div>
      <div
        class="grid gap-4 md:grid-cols-3"
      >
        <div
          class="rounded-lg border bg-card text-card-foreground shadow-sm"
        >
          <div
            class="p-6 flex flex-row items-center justify-between space-y-0 pb-2"
          >
            <h3
              class="tracking-tight text-sm font-medium"
            >
              Total Budgets
            </h3>
            <svg
              class="lucide lucide-dollar-sign h-4 w-4 text-muted-foreground"
              fill="none"
              height="24"
              stroke="currentColor"
              stroke-linecap="round"
              stroke-linejoin="round"
              stroke-width="2"
              viewBox="0 0 24 24"
              width="24"
              xmlns="http://www.w3.org/2000/svg"
            >
              <line
                x1="12"
                x2="12"
                y1="2"
                y2="22"
              />
              <path
                d="M17 5H9.5a3.5 3.5 0 0 0 0 7h5a3.5 3.5 0 0 1 0 7H6"
              />
            </svg>
          </div>
          <div
            class="p-6 pt-0"
          >
            <div
              class="text-2xl font-bold"
            >
              0
            </div>
            <p
              class="text-xs text-muted-foreground"
            >
              Active master budgets
            </p>
          </div>
        </div>
        <div
          class="rounded-lg border bg-card text-card-foreground shadow-sm"
        >
          <div
            class="p-6 flex flex-row items-center justify-between space-y-0 pb-2"
          >
            <h3
              class="tracking-tight text-sm font-medium"
            >
              Total Allocated
            </h3>
            <svg
              class="lucide lucide-trending-up h-4 w-4 text-muted-foreground"
              fill="none"
              height="24"
              stroke="currentColor"
              stroke-linecap="round"
              stroke-linejoin="round"
              stroke-width="2"
              viewBox="0 0 24 24"
              width="24"
              xmlns="http://www.w3.org/2000/svg"
            >
              <polyline
                points="22 7 13.5 15.5 8.5 10.5 2 17"
              />
              <polyline
                points="16 7 22 7 22 13"
              />
            </svg>
          </div>
          <div
            class="p-6 pt-0"
          >
            <div
              class="text-2xl font-bold"
            >
              $
              0
            </div>
            <p
              class="text-xs text-muted-foreground"
            >
              Across all budgets
            </p>
          </div>
        </div>
        <div
          class="rounded-lg border bg-card text-card-foreground shadow-sm"
        >
          <div
            class="p-6 flex flex-row items-center justify-between space-y-0 pb-2"
          >
            <h3
              class="tracking-tight text-sm font-medium"
            >
              Budget Period
            </h3>
            <svg
              class="lucide lucide-circle-alert h-4 w-4 text-muted-foreground"
              fill="none"
              height="24"
              stroke="currentColor"
              stroke-linecap="round"
              stroke-linejoin="round"
              stroke-width="2"
              viewBox="0 0 24 24"
              width="24"
              xmlns="http://www.w3.org/2000/svg"
            >
              <circle
                cx="12"
                cy="12"
                r="10"
              />
              <line
                x1="12"
                x2="12"
                y1="8"
                y2="12"
              />
              <line
                x1="12"
                x2="12.01"
                y1="16"
                y2="16"
              />
            </svg>
          </div>
          <div
            class="p-6 pt-0"
          >
            <div
              class="text-2xl font-bold"
            >
              -
            </div>
            <p
              class="text-xs text-muted-foreground"
            >
              Current fiscal year
            </p>
          </div>
        </div>
      </div>
      <div
        class="space-y-4"
      >
        <div
          class="rounded-lg border bg-card text-card-foreground shadow-sm"
        >
          <div
            class="p-6 flex flex-col items-center justify-center py-12"
          >
            <svg
              class="lucide lucide-dollar-sign h-12 w-12 text-muted-foreground mb-4"
              fill="none"
              height="24"
              stroke="currentColor"
              stroke-linecap="round"
              stroke-linejoin="round"
              stroke-width="2"
              viewBox="0 0 24 24"
              width="24"
              xmlns="http://www.w3.org/2000/svg"
            >
              <line
                x1="12"
                x2="12"
                y1="2"
                y2="22"
              />
              <path
                d="M17 5H9.5a3.5 3.5 0 0 0 0 7h5a3.5 3.5 0 0 1 0 7H6"
              />
            </svg>
            <h3
              class="text-lg font-semibold mb-2"
            >
              No Budgets Yet
            </h3>
            <p
              class="text-muted-foreground mb-4"
            >
              Create your first master budget to get started
            </p>
            <button
              class="inline-flex items-center justify-center gap-2 whitespace-nowrap rounded-md text-sm font-medium ring-offset-background transition-colors focus-visible:outline-none focus-visible:ring-2 focus-visible:ring-ring focus-visible:ring-offset-2 disabled:pointer-events-none disabled:opacity-50 [&_svg]:pointer-events-none [&_svg]:size-4 [&_svg]:shrink-0 bg-primary text-primary-foreground hover:bg-primary/90 h-10 px-4 py-2"
            >
              <svg
                class="lucide lucide-plus h-4 w-4 mr-2"
                fill="none"
                height="24"
                stroke="currentColor"
                stroke-linecap="round"
                stroke-linejoin="round"
                stroke-width="2"
                viewBox="0 0 24 24"
                width="24"
                xmlns="http://www.w3.org/2000/svg"
              >
                <path
                  d="M5 12h14"
                />
                <path
                  d="M12 5v14"
                />
              </svg>
              Create Master Budget
            </button>
          </div>
        </div>
      </div>
    </div>
  </div>
</body>

Ignored nodes: comments, script, style
<html>
  <head />
  <body>
    <div>
      <div
        class="space-y-6"
      >
        <div
          class="flex items-center justify-between"
        >
          <div>
            <h1
              class="text-3xl font-bold"
            >
              Budget Management
            </h1>
            <p
              class="text-muted-foreground"
            >
              Manage master budgets, sub-budgets, and track spending
            </p>
          </div>
          <div
            class="flex gap-2"
          >
            <button
              class="inline-flex items-center justify-center gap-2 whitespace-nowrap rounded-md text-sm font-medium ring-offset-background transition-colors focus-visible:outline-none focus-visible:ring-2 focus-visible:ring-ring focus-visible:ring-offset-2 disabled:pointer-events-none disabled:opacity-50 [&_svg]:pointer-events-none [&_svg]:size-4 [&_svg]:shrink-0 border border-input bg-background hover:bg-accent hover:text-accent-foreground h-10 px-4 py-2"
            >
              <svg
                class="lucide lucide-upload h-4 w-4 mr-2"
                fill="none"
                height="24"
                stroke="currentColor"
                stroke-linecap="round"
                stroke-linejoin="round"
                stroke-width="2"
                viewBox="0 0 24 24"
                width="24"
                xmlns="http://www.w3.org/2000/svg"
              >
                <path
                  d="M21 15v4a2 2 0 0 1-2 2H5a2 2 0 0 1-2-2v-4"
                />
                <polyline
                  points="17 8 12 3 7 8"
                />
                <line
                  x1="12"
                  x2="12"
                  y1="3"
                  y2="15"
                />
              </svg>
              Upload Excel
            </button>
            <button
              class="inline-flex items-center justify-center gap-2 whitespace-nowrap rounded-md text-sm font-medium ring-offset-background transition-colors focus-visible:outline-none focus-visible:ring-2 focus-visible:ring-ring focus-visible:ring-offset-2 disabled:pointer-events-none disabled:opacity-50 [&_svg]:pointer-events-none [&_svg]:size-4 [&_svg]:shrink-0 bg-primary text-primary-foreground hover:bg-primary/90 h-10 px-4 py-2"
            >
              <svg
                class="lucide lucide-plus h-4 w-4 mr-2"
                fill="none"
                height="24"
                stroke="currentColor"
                stroke-linecap="round"
                stroke-linejoin="round"
                stroke-width="2"
                viewBox="0 0 24 24"
                width="24"
                xmlns="http://www.w3.org/2000/svg"
              >
                <path
                  d="M5 12h14"
                />
                <path
                  d="M12 5v14"
                />
              </svg>
              Create Master Budget
            </button>
          </div>
        </div>
        <div
          class="grid gap-4 md:grid-cols-3"
        >
          <div
            class="rounded-lg border bg-card text-card-foreground shadow-sm"
          >
            <div
              class="p-6 flex flex-row items-center justify-between space-y-0 pb-2"
            >
              <h3
                class="tracking-tight text-sm font-medium"
              >
                Total Budgets
              </h3>
              <svg
                class="lucide lucide-dollar-sign h-4 w-4 text-muted-foreground"
                fill="none"
                height="24"
                stroke="currentColor"
                stroke-linecap="round"
                stroke-linejoin="round"
                stroke-width="2"
                viewBox="0 0 24 24"
                width="24"
                xmlns="http://www.w3.org/2000/svg"
              >
                <line
                  x1="12"
                  x2="12"
                  y1="2"
                  y2="22"
                />
                <path
                  d="M17 5H9.5a3.5 3.5 0 0 0 0 7h5a3.5 3.5 0 0 1 0 7H6"
                />
              </svg>
            </div>
            <div
              class="p-6 pt-0"
            >
              <div
                class="text-2xl font-bold"
              >
                0
              </div>
              <p
                class="text-xs text-muted-foreground"
              >
                Active master budgets
              </p>
            </div>
          </div>
          <div
            class="rounded-lg border bg-card text-card-foreground shadow-sm"
          >
            <div
              class="p-6 flex flex-row items-center justify-between space-y-0 pb-2"
            >
              <h3
                class="tracking-tight text-sm font-medium"
              >
                Total Allocated
              </h3>
              <svg
                class="lucide lucide-trending-up h-4 w-4 text-muted-foreground"
                fill="none"
                height="24"
                stroke="currentColor"
                stroke-linecap="round"
                stroke-linejoin="round"
                stroke-width="2"
                viewBox="0 0 24 24"
                width="24"
                xmlns="http://www.w3.org/2000/svg"
              >
                <polyline
                  points="22 7 13.5 15.5 8.5 10.5 2 17"
                />
                <polyline
                  points="16 7 22 7 22 13"
                />
              </svg>
            </div>
            <div
              class="p-6 pt-0"
            >
              <div
                class="text-2xl font-bold"
              >
                $
                0
              </div>
              <p
                class="text-xs text-muted-foreground"
              >
                Across all budgets
              </p>
            </div>
          </div>
          <div
            class="rounded-lg border bg-card text-card-foreground shadow-sm"
          >
            <div
              class="p-6 flex flex-row items-center justify-between space-y-0 pb-2"
            >
              <h3
                class="tracking-tight text-sm font-medium"
              >
                Budget Period
              </h3>
              <svg
                class="lucide lucide-circle-alert h-4 w-4 text-muted-foreground"
                fill="none"
                height="24"
                stroke="currentColor"
                stroke-linecap="round"
                stroke-linejoin="round"
                stroke-width="2"
                viewBox="0 0 24 24"
                width="24"
                xmlns="http://www.w3.org/2000/svg"
              >
                <circle
                  cx="12"
                  cy="12"
                  r="10"
                />
                <line
                  x1="12"
                  x2="12"
                  y1="8"
                  y2="12"
                />
                <line
                  x1="12"
                  x2="12.01"
                  y1="16"
                  y2="16"
                />
              </svg>
            </div>
            <div
              class="p-6 pt-0"
            >
              <div
                class="text-2xl font-bold"
              >
                -
              </div>
              <p
                class="text-xs text-muted-foreground"
              >
                Current fiscal year
              </p>
            </div>
          </div>
        </div>
        <div
          class="space-y-4"
        >
          <div
            class="rounded-lg border bg-card text-card-foreground shadow-sm"
          >
            <div
              class="p-6 flex flex-col items-center justify-center py-12"
            >
              <svg
                class="lucide lucide-dollar-sign h-12 w-12 text-muted-foreground mb-4"
                fill="none"
                height="24"
                stroke="currentColor"
                stroke-linecap="round"
                stroke-linejoin="round"
                stroke-width="2"
                viewBox="0 0 24 24"
                width="24"
                xmlns="http://www.w3.org/2000/svg"
              >
                <line
                  x1="12"
                  x2="12"
                  y1="2"
                  y2="22"
                />
                <path
                  d="M17 5H9.5a3.5 3.5 0 0 0 0 7h5a3.5 3.5 0 0 1 0 7H6"
                />
              </svg>
              <h3
                class="text-lg font-semibold mb-2"
              >
                No Budgets Yet
              </h3>
              <p
                class="text-muted-foreground mb-4"
              >
                Create your first master budget to get started
              </p>
              <button
                class="inline-flex items-center justify-center gap-2 whitespace-nowrap rounded-md text-sm font-medium ring-offset-background transition-colors focus-visible:outline-none focus-visible:ring-2 focus-visible:ring-ring focus-visible:ring-offset-2 disabled:pointer-events-none disabled:opacity-50 [&_svg]:pointer-events-none [&_svg]:size-4 [&_svg]:shrink-0 bg-primary text-primary-foreground hover:bg-primary/90 h-10 px-4 py-2"
              >
                <svg
                  class="lucide lucide-plus h-4 w-4 mr-2"
                  fill="none"
                  height="24"
                  stroke="currentColor"
                  stroke-linecap="round"
                  stroke-linejoin="round"
                  stroke-width="2"
                  viewBox="0 0 24 24"
                  width="24"
                  xmlns="http://www.w3.org/2000/svg"
                >
                  <path
                    d="M5 12h14"
                  />
                  <path
                    d="M12 5v14"
                  />
                </svg>
                Create Master Budget
              </button>
            </div>
          </div>
        </div>
      </div>
    </div>
  </body>
</html>
 ÔØ» Proxy.waitFor node_modules/@testing-library/dom/dist/wait-for.js:163:27
 ÔØ» src/pages/finance/__tests__/BudgetManagement.test.tsx:109:11
    107|     render(<BudgetManagement />, { wrapper: createWrapper() });
    108| 
    109|     await waitFor(() => {
       |           ^
    110|       expect(screen.getByText(/No master budgets found/i)).toBeInTheDoÔÇª
    111|     });

ÔÄ»ÔÄ»ÔÄ»ÔÄ»ÔÄ»ÔÄ»ÔÄ»ÔÄ»ÔÄ»ÔÄ»ÔÄ»ÔÄ»ÔÄ»ÔÄ»ÔÄ»ÔÄ»ÔÄ»ÔÄ»ÔÄ»ÔÄ»ÔÄ»ÔÄ»ÔÄ»[2/12]ÔÄ»

 FAIL  src/pages/finance/__tests__/BudgetManagement.test.tsx > BudgetManagement > loads sub-budgets when master budget is expanded
AssertionError: expected "vi.fn()" to be called with arguments: [ 1 ]

Number of calls: 0


Ignored nodes: comments, script, style
<html>
  <head />
  <body
    data-scroll-locked="1"
    style="pointer-events: none;"
  >
    <span
      aria-hidden="true"
      data-aria-hidden="true"
      data-radix-focus-guard=""
      style="outline: none; opacity: 0; position: fixed; pointer-events: none;"
      tabindex="0"
    />
    <div
      aria-hidden="true"
      data-aria-hidden="true"
    >
      <div
        class="space-y-6"
      >
        <div
          class="flex items-center justify-between"
        >
          <div>
            <h1
              class="text-3xl font-bold"
            >
              Budget Management
            </h1>
            <p
              class="text-muted-foreground"
            >
              Manage master budgets, sub-budgets, and track spending
            </p>
          </div>
          <div
            class="flex gap-2"
          >
            <button
              class="inline-flex items-center justify-center gap-2 whitespace-nowrap rounded-md text-sm font-medium ring-offset-background transition-colors focus-visible:outline-none focus-visible:ring-2 focus-visible:ring-ring focus-visible:ring-offset-2 disabled:pointer-events-none disabled:opacity-50 [&_svg]:pointer-events-none [&_svg]:size-4 [&_svg]:shrink-0 border border-input bg-background hover:bg-accent hover:text-accent-foreground h-10 px-4 py-2"
            >
              <svg
                class="lucide lucide-upload h-4 w-4 mr-2"
                fill="none"
                height="24"
                stroke="currentColor"
                stroke-linecap="round"
                stroke-linejoin="round"
                stroke-width="2"
                viewBox="0 0 24 24"
                width="24"
                xmlns="http://www.w3.org/2000/svg"
              >
                <path
                  d="M21 15v4a2 2 0 0 1-2 2H5a2 2 0 0 1-2-2v-4"
                />
                <polyline
                  points="17 8 12 3 7 8"
                />
                <line
                  x1="12"
                  x2="12"
                  y1="3"
                  y2="15"
                />
              </svg>
              Upload Excel
            </button>
            <button
              class="inline-flex items-center justify-center gap-2 whitespace-nowrap rounded-md text-sm font-medium ring-offset-background transition-colors focus-visible:outline-none focus-visible:ring-2 focus-visible:ring-ring focus-visible:ring-offset-2 disabled:pointer-events-none disabled:opacity-50 [&_svg]:pointer-events-none [&_svg]:size-4 [&_svg]:shrink-0 bg-primary text-primary-foreground hover:bg-primary/90 h-10 px-4 py-2"
            >
              <svg
                class="lucide lucide-plus h-4 w-4 mr-2"
                fill="none"
                height="24"
                stroke="currentColor"
                stroke-linecap="round"
                stroke-linejoin="round"
                stroke-width="2"
                viewBox="0 0 24 24"
                width="24"
                xmlns="http://www.w3.org/2000/svg"
              >
                <path
                  d="M5 12h14"
                />
                <path
                  d="M12 5v14"
                />
              </svg>
              Create Master Budget
            </button>
          </div>
        </div>
        <div
          class="grid gap-4 md:grid-cols-3"
        >
          <div
            class="rounded-lg border bg-card text-card-foreground shadow-sm"
          >
            <div
              class="p-6 flex flex-row items-center justify-between space-y-0 pb-2"
            >
              <h3
                class="tracking-tight text-sm font-medium"
              >
                Total Budgets
              </h3>
              <svg
                class="lucide lucide-dollar-sign h-4 w-4 text-muted-foreground"
                fill="none"
                height="24"
                stroke="currentColor"
                stroke-linecap="round"
                stroke-linejoin="round"
                stroke-width="2"
                viewBox="0 0 24 24"
                width="24"
                xmlns="http://www.w3.org/2000/svg"
              >
                <line
                  x1="12"
                  x2="12"
                  y1="2"
                  y2="22"
                />
                <path
                  d="M17 5H9.5a3.5 3.5 0 0 0 0 7h5a3.5 3.5 0 0 1 0 7H6"
                />
              </svg>
            </div>
            <div
              class="p-6 pt-0"
            >
              <div
                class="text-2xl font-bold"
              >
                2
              </div>
              <p
                class="text-xs text-muted-foreground"
              >
                Active master budgets
              </p>
            </div>
          </div>
          <div
            class="rounded-lg ...
 ÔØ» src/pages/finance/__tests__/BudgetManagement.test.tsx:147:40
    145| 
    146|     await waitFor(() => {
    147|       expect(financeApi.getSubBudgets).toHaveBeenCalledWith(1);
       |                                        ^
    148|     });
    149|   });
 ÔØ» runWithExpensiveErrorDiagnosticsDisabled node_modules/@testing-library/dom/dist/config.js:47:12
 ÔØ» checkCallback node_modules/@testing-library/dom/dist/wait-for.js:124:77
 ÔØ» Timeout.checkRealTimersCallback node_modules/@testing-library/dom/dist/wait-for.js:118:16

ÔÄ»ÔÄ»ÔÄ»ÔÄ»ÔÄ»ÔÄ»ÔÄ»ÔÄ»ÔÄ»ÔÄ»ÔÄ»ÔÄ»ÔÄ»ÔÄ»ÔÄ»ÔÄ»ÔÄ»ÔÄ»ÔÄ»ÔÄ»ÔÄ»ÔÄ»ÔÄ»[3/12]ÔÄ»

 FAIL  src/pages/finance/__tests__/BudgetManagement.test.tsx > BudgetManagement > displays sub-budgets correctly
TestingLibraryElementError: Unable to find an element with the text: Marketing. This could be because the text is broken up by multiple elements. In this case, you can provide a function for your text matcher to make your matcher more flexible.

Ignored nodes: comments, script, style
<body
  data-scroll-locked="1"
  style="pointer-events: none;"
>
  <span
    aria-hidden="true"
    data-aria-hidden="true"
    data-radix-focus-guard=""
    style="outline: none; opacity: 0; position: fixed; pointer-events: none;"
    tabindex="0"
  />
  <div
    aria-hidden="true"
    data-aria-hidden="true"
  >
    <div
      class="space-y-6"
    >
      <div
        class="flex items-center justify-between"
      >
        <div>
          <h1
            class="text-3xl font-bold"
          >
            Budget Management
          </h1>
          <p
            class="text-muted-foreground"
          >
            Manage master budgets, sub-budgets, and track spending
          </p>
        </div>
        <div
          class="flex gap-2"
        >
          <button
            class="inline-flex items-center justify-center gap-2 whitespace-nowrap rounded-md text-sm font-medium ring-offset-background transition-colors focus-visible:outline-none focus-visible:ring-2 focus-visible:ring-ring focus-visible:ring-offset-2 disabled:pointer-events-none disabled:opacity-50 [&_svg]:pointer-events-none [&_svg]:size-4 [&_svg]:shrink-0 border border-input bg-background hover:bg-accent hover:text-accent-foreground h-10 px-4 py-2"
          >
            <svg
              class="lucide lucide-upload h-4 w-4 mr-2"
              fill="none"
              height="24"
              stroke="currentColor"
              stroke-linecap="round"
              stroke-linejoin="round"
              stroke-width="2"
              viewBox="0 0 24 24"
              width="24"
              xmlns="http://www.w3.org/2000/svg"
            >
              <path
                d="M21 15v4a2 2 0 0 1-2 2H5a2 2 0 0 1-2-2v-4"
              />
              <polyline
                points="17 8 12 3 7 8"
              />
              <line
                x1="12"
                x2="12"
                y1="3"
                y2="15"
              />
            </svg>
            Upload Excel
          </button>
          <button
            class="inline-flex items-center justify-center gap-2 whitespace-nowrap rounded-md text-sm font-medium ring-offset-background transition-colors focus-visible:outline-none focus-visible:ring-2 focus-visible:ring-ring focus-visible:ring-offset-2 disabled:pointer-events-none disabled:opacity-50 [&_svg]:pointer-events-none [&_svg]:size-4 [&_svg]:shrink-0 bg-primary text-primary-foreground hover:bg-primary/90 h-10 px-4 py-2"
          >
            <svg
              class="lucide lucide-plus h-4 w-4 mr-2"
              fill="none"
              height="24"
              stroke="currentColor"
              stroke-linecap="round"
              stroke-linejoin="round"
              stroke-width="2"
              viewBox="0 0 24 24"
              width="24"
              xmlns="http://www.w3.org/2000/svg"
            >
              <path
                d="M5 12h14"
              />
              <path
                d="M12 5v14"
              />
            </svg>
            Create Master Budget
          </button>
        </div>
      </div>
      <div
        class="grid gap-4 md:grid-cols-3"
      >
        <div
          class="rounded-lg border bg-card text-card-foreground shadow-sm"
        >
          <div
            class="p-6 flex flex-row items-center justify-between space-y-0 pb-2"
          >
            <h3
              class="tracking-tight text-sm font-medium"
            >
              Total Budgets
            </h3>
            <svg
              class="lucide lucide-dollar-sign h-4 w-4 text-muted-foreground"
              fill="none"
              height="24"
              stroke="currentColor"
              stroke-linecap="round"
              stroke-linejoin="round"
              stroke-width="2"
              viewBox="0 0 24 24"
              width="24"
              xmlns="http://www.w3.org/2000/svg"
            >
              <line
                x1="12"
                x2="12"
                y1="2"
                y2="22"
              />
              <path
                d="M17 5H9.5a3.5 3.5 0 0 0 0 7h5a3.5 3.5 0 0 1 0 7H6"
              />
            </svg>
          </div>
          <div
            class="p-6 pt-0"
          >
            <div
              class="text-2xl font-bold"
            >
              2
            </div>
            <p
              class="text-xs text-muted-foreground"
            >
              Active master budgets
            </p>
          </div>
        </div>
        <div
          class="rounded-lg border bg-card text-card-foreground shadow-sm"
        >
          <div
            class="p-6 flex flex-row items-center justify-between space-y-0 pb-2"
          >
            <h3
              class="tracking-tight text-sm font-medium"
      ...

Ignored nodes: comments, script, style
<html>
  <head />
  <body
    data-scroll-locked="1"
    style="pointer-events: none;"
  >
    <span
      aria-hidden="true"
      data-aria-hidden="true"
      data-radix-focus-guard=""
      style="outline: none; opacity: 0; position: fixed; pointer-events: none;"
      tabindex="0"
    />
    <div
      aria-hidden="true"
      data-aria-hidden="true"
    >
      <div
        class="space-y-6"
      >
        <div
          class="flex items-center justify-between"
        >
          <div>
            <h1
              class="text-3xl font-bold"
            >
              Budget Management
            </h1>
            <p
              class="text-muted-foreground"
            >
              Manage master budgets, sub-budgets, and track spending
            </p>
          </div>
          <div
            class="flex gap-2"
          >
            <button
              class="inline-flex items-center justify-center gap-2 whitespace-nowrap rounded-md text-sm font-medium ring-offset-background transition-colors focus-visible:outline-none focus-visible:ring-2 focus-visible:ring-ring focus-visible:ring-offset-2 disabled:pointer-events-none disabled:opacity-50 [&_svg]:pointer-events-none [&_svg]:size-4 [&_svg]:shrink-0 border border-input bg-background hover:bg-accent hover:text-accent-foreground h-10 px-4 py-2"
            >
              <svg
                class="lucide lucide-upload h-4 w-4 mr-2"
                fill="none"
                height="24"
                stroke="currentColor"
                stroke-linecap="round"
                stroke-linejoin="round"
                stroke-width="2"
                viewBox="0 0 24 24"
                width="24"
                xmlns="http://www.w3.org/2000/svg"
              >
                <path
                  d="M21 15v4a2 2 0 0 1-2 2H5a2 2 0 0 1-2-2v-4"
                />
                <polyline
                  points="17 8 12 3 7 8"
                />
                <line
                  x1="12"
                  x2="12"
                  y1="3"
                  y2="15"
                />
              </svg>
              Upload Excel
            </button>
            <button
              class="inline-flex items-center justify-center gap-2 whitespace-nowrap rounded-md text-sm font-medium ring-offset-background transition-colors focus-visible:outline-none focus-visible:ring-2 focus-visible:ring-ring focus-visible:ring-offset-2 disabled:pointer-events-none disabled:opacity-50 [&_svg]:pointer-events-none [&_svg]:size-4 [&_svg]:shrink-0 bg-primary text-primary-foreground hover:bg-primary/90 h-10 px-4 py-2"
            >
              <svg
                class="lucide lucide-plus h-4 w-4 mr-2"
                fill="none"
                height="24"
                stroke="currentColor"
                stroke-linecap="round"
                stroke-linejoin="round"
                stroke-width="2"
                viewBox="0 0 24 24"
                width="24"
                xmlns="http://www.w3.org/2000/svg"
              >
                <path
                  d="M5 12h14"
                />
                <path
                  d="M12 5v14"
                />
              </svg>
              Create Master Budget
            </button>
          </div>
        </div>
        <div
          class="grid gap-4 md:grid-cols-3"
        >
          <div
            class="rounded-lg border bg-card text-card-foreground shadow-sm"
          >
            <div
              class="p-6 flex flex-row items-center justify-between space-y-0 pb-2"
            >
              <h3
                class="tracking-tight text-sm font-medium"
              >
                Total Budgets
              </h3>
              <svg
                class="lucide lucide-dollar-sign h-4 w-4 text-muted-foreground"
                fill="none"
                height="24"
                stroke="currentColor"
                stroke-linecap="round"
                stroke-linejoin="round"
                stroke-width="2"
                viewBox="0 0 24 24"
                width="24"
                xmlns="http://www.w3.org/2000/svg"
              >
                <line
                  x1="12"
                  x2="12"
                  y1="2"
                  y2="22"
                />
                <path
                  d="M17 5H9.5a3.5 3.5 0 0 0 0 7h5a3.5 3.5 0 0 1 0 7H6"
                />
              </svg>
            </div>
            <div
              class="p-6 pt-0"
            >
              <div
                class="text-2xl font-bold"
              >
                2
              </div>
              <p
                class="text-xs text-muted-foreground"
              >
                Active master budgets
              </p>
            </div>
          </div>
          <div
            class="rounded-lg ...
 ÔØ» Proxy.waitFor node_modules/@testing-library/dom/dist/wait-for.js:163:27
 ÔØ» src/pages/finance/__tests__/BudgetManagement.test.tsx:168:11
    166|     fireEvent.click(expandButton);
    167| 
    168|     await waitFor(() => {
       |           ^
    169|       expect(screen.getByText('Marketing')).toBeInTheDocument();
    170|       expect(screen.getByText('Operations')).toBeInTheDocument();

ÔÄ»ÔÄ»ÔÄ»ÔÄ»ÔÄ»ÔÄ»ÔÄ»ÔÄ»ÔÄ»ÔÄ»ÔÄ»ÔÄ»ÔÄ»ÔÄ»ÔÄ»ÔÄ»ÔÄ»ÔÄ»ÔÄ»ÔÄ»ÔÄ»ÔÄ»ÔÄ»[4/12]ÔÄ»

 FAIL  src/pages/finance/__tests__/BudgetManagement.test.tsx > BudgetManagement > handles budget upload
TestingLibraryElementError: Unable to find an element with the text: Upload Budget. This could be because the text is broken up by multiple elements. In this case, you can provide a function for your text matcher to make your matcher more flexible.

Ignored nodes: comments, script, style
<body
  style=""
>
  <div>
    <div
      class="space-y-6"
    >
      <div
        class="flex items-center justify-between"
      >
        <div>
          <h1
            class="text-3xl font-bold"
          >
            Budget Management
          </h1>
          <p
            class="text-muted-foreground"
          >
            Manage master budgets, sub-budgets, and track spending
          </p>
        </div>
        <div
          class="flex gap-2"
        >
          <button
            class="inline-flex items-center justify-center gap-2 whitespace-nowrap rounded-md text-sm font-medium ring-offset-background transition-colors focus-visible:outline-none focus-visible:ring-2 focus-visible:ring-ring focus-visible:ring-offset-2 disabled:pointer-events-none disabled:opacity-50 [&_svg]:pointer-events-none [&_svg]:size-4 [&_svg]:shrink-0 border border-input bg-background hover:bg-accent hover:text-accent-foreground h-10 px-4 py-2"
          >
            <svg
              class="lucide lucide-upload h-4 w-4 mr-2"
              fill="none"
              height="24"
              stroke="currentColor"
              stroke-linecap="round"
              stroke-linejoin="round"
              stroke-width="2"
              viewBox="0 0 24 24"
              width="24"
              xmlns="http://www.w3.org/2000/svg"
            >
              <path
                d="M21 15v4a2 2 0 0 1-2 2H5a2 2 0 0 1-2-2v-4"
              />
              <polyline
                points="17 8 12 3 7 8"
              />
              <line
                x1="12"
                x2="12"
                y1="3"
                y2="15"
              />
            </svg>
            Upload Excel
          </button>
          <button
            class="inline-flex items-center justify-center gap-2 whitespace-nowrap rounded-md text-sm font-medium ring-offset-background transition-colors focus-visible:outline-none focus-visible:ring-2 focus-visible:ring-ring focus-visible:ring-offset-2 disabled:pointer-events-none disabled:opacity-50 [&_svg]:pointer-events-none [&_svg]:size-4 [&_svg]:shrink-0 bg-primary text-primary-foreground hover:bg-primary/90 h-10 px-4 py-2"
          >
            <svg
              class="lucide lucide-plus h-4 w-4 mr-2"
              fill="none"
              height="24"
              stroke="currentColor"
              stroke-linecap="round"
              stroke-linejoin="round"
              stroke-width="2"
              viewBox="0 0 24 24"
              width="24"
              xmlns="http://www.w3.org/2000/svg"
            >
              <path
                d="M5 12h14"
              />
              <path
                d="M12 5v14"
              />
            </svg>
            Create Master Budget
          </button>
        </div>
      </div>
      <div
        class="grid gap-4 md:grid-cols-3"
      >
        <div
          class="rounded-lg border bg-card text-card-foreground shadow-sm"
        >
          <div
            class="p-6 flex flex-row items-center justify-between space-y-0 pb-2"
          >
            <h3
              class="tracking-tight text-sm font-medium"
            >
              Total Budgets
            </h3>
            <svg
              class="lucide lucide-dollar-sign h-4 w-4 text-muted-foreground"
              fill="none"
              height="24"
              stroke="currentColor"
              stroke-linecap="round"
              stroke-linejoin="round"
              stroke-width="2"
              viewBox="0 0 24 24"
              width="24"
              xmlns="http://www.w3.org/2000/svg"
            >
              <line
                x1="12"
                x2="12"
                y1="2"
                y2="22"
              />
              <path
                d="M17 5H9.5a3.5 3.5 0 0 0 0 7h5a3.5 3.5 0 0 1 0 7H6"
              />
            </svg>
          </div>
          <div
            class="p-6 pt-0"
          >
            <div
              class="text-2xl font-bold"
            >
              2
            </div>
            <p
              class="text-xs text-muted-foreground"
            >
              Active master budgets
            </p>
          </div>
        </div>
        <div
          class="rounded-lg border bg-card text-card-foreground shadow-sm"
        >
          <div
            class="p-6 flex flex-row items-center justify-between space-y-0 pb-2"
          >
            <h3
              class="tracking-tight text-sm font-medium"
            >
              Total Allocated
            </h3>
            <svg
              class="lucide lucide-trending-up h-4 w-4 text-muted-foreground"
              fill="none"
              height="24"
              stroke="currentColor"
              stroke-linecap="round"
              stroke-linejoin="round"
              stroke-width="2"
              viewBox="0 0 24 24"
              width="24"
              xmlns="http://www.w3.org/2000/svg"
            >
              <polyline
                points="22 7 13.5 15.5 8.5 10.5 2 17"
              />
              <polyline
                points="16 7 22 7 22 13"
              />
            </svg>
          </div>
          <div
            class="p-6 pt-0"
          >
            <div
              class="text-2xl font-bold"
            >
              $
              2,200,000
            </div>
            <p
              class="text-xs text-muted-foreground"
            >
              Across all budgets
            </p>
          </div>
        </div>
        <div
          class="rounded-lg border bg-card text-card-foreground shadow-sm"
        >
          <div
            class="p-6 flex flex-row items-center justify-between space-y-0 pb-2"
          >
            <h3
              class="tracking-tight text-sm font-medium"
            >
              Budget Period
            </h3>
            <svg
              class="lucide lucide-circle-alert h-4 w-4 text-muted-foreground"
              fill="none"
              height="24"
              stroke="currentColor"
              stroke-linecap="round"
              stroke-linejoin="round"
              stroke-width="2"
              viewBox="0 0 24 24"
              width="24"
              xmlns="http://www.w3.org/2000/svg"
            >
              <circle
                cx="12"
                cy="12"
                r="10"
              />
              <line
                x1="12"
                x2="12"
                y1="8"
                y2="12"
              />
              <line
                x1="12"
                x2="12.01"
                y1="16"
                y2="16"
              />
            </svg>
          </div>
          <div
            class="p-6 pt-0"
          >
            <div
              class="text-2xl font-bold"
            >
              2024
            </div>
            <p
              class="text-xs text-muted-foreground"
            >
              Current fiscal year
            </p>
          </div>
        </div>
      </div>
      <div
        class="space-y-4"
      >
        <div
          class="rounded-lg border bg-card text-card-foreground shadow-sm"
        >
          <div
            class="flex flex-col space-y-1.5 p-6"
          >
            <div
              class="flex items-center justify-between"
            >
              <div
                class="flex items-center gap-3"
              >
                <button
                  class="inline-flex items-center justify-center gap-2 whitespace-nowrap text-sm font-medium ring-offset-background transition-colors focus-visible:outline-none focus-visible:ring-2 focus-visible:ring-ring focus-visible:ring-offset-2 disabled:pointer-events-none disabled:opacity-50 [&_svg]:pointer-events-none [&_svg]:size-4 [&_svg]:shrink-0 hover:bg-accent hover:text-accent-foreground h-9 rounded-md px-3"
                >
                  <svg
                    class="lucide lucide-chevron-right h-4 w-4"
                    fill="none"
                    height="24"
                    stroke="currentColor"
                    stroke-linecap="round"
                    stroke-linejoin="round"
                    stroke-width="2"
                    viewBox="0 0 24 24"
                    width="24"
                    xmlns="http://www.w3.org/2000/svg"
                  >
                    <path
                      d="m9 18 6-6-6-6"
                    />
                  </svg>
                </button>
                <div>
                  <h3
                    class="text-2xl font-semibold leading-none tracking-tight"
                  >
                    Q1 2024 Budget
                  </h3>
                  <p
                    class="text-sm text-muted-foreground"
                  >
                    01/01/2024
                     - 
                    31/03/2024
                  </p>
                </div>
              </div>
              <div
                class="text-right"
              >
                <div
                  class="text-2xl font-bold"
                >
                  $
                  1,000,000
                </div>
                <div
                  class="inline-flex items-center rounded-full border px-2.5 py-0.5 text-xs font-semibold transition-colors focus:outline-none focus:ring-2 focus:ring-ring focus:ring-offset-2 text-foreground"
                >
                  0
                   sub-budgets
                </div>
              </div>
            </div>
          </div>
        </div>
        <div
          class="rounded-lg border bg-card text-card-foreground shadow-sm"
        >
          <div
            class="flex flex-col space-y-1.5 p-6"
          >
            <div
              class="flex items-center justify-between"
            >
              <div
                class="flex items-center gap-3"
              >
                <button
                  class="inline-flex items-center justify-center gap-2 whitespace-nowrap text-sm font-medium ring-offset-background transition-colors focus-visible:outline-none focus-visible:ring-2 focus-visible:ring-ring focus-visible:ring-offset-2 disabled:pointer-events-none disabled:opacity-50 [&_svg]:pointer-events-none [&_svg]:size-4 [&_svg]:shrink-0 hover:bg-accent hover:text-accent-foreground h-9 rounded-md px-3"
                >
                  <svg
                    class="lucide lucide-chevron-right h-4 w-4"
                    fill="none"
                    height="24"
                    stroke="currentColor"
                    stroke-linecap="round"
                    stroke-linejoin="round"
                    stroke-width="2"
                    viewBox="0 0 24 24"
                    width="24"
                    xmlns="http://www.w3.org/2000/svg"
                  >
                    <path
                      d="m9 18 6-6-6-6"
                    />
                  </svg>
                </button>
                <div>
                  <h3
                    class="text-2xl font-semibold leading-none tracking-tight"
                  >
                    Q2 2024 Budget
                  </h3>
                  <p
                    class="text-sm text-muted-foreground"
                  >
                    01/04/2024
                     - 
                    30/06/2024
                  </p>
                </div>
              </div>
              <div
                class="text-right"
              >
                <div
                  class="text-2xl font-bold"
                >
                  $
                  1,200,000
                </div>
                <div
                  class="inline-flex items-center rounded-full border px-2.5 py-0.5 text-xs font-semibold transition-colors focus:outline-none focus:ring-2 focus:ring-ring focus:ring-offset-2 text-foreground"
                >
                  0
                   sub-budgets
                </div>
              </div>
            </div>
          </div>
        </div>
      </div>
    </div>
  </div>
</body>

Ignored nodes: comments, script, style
<body
  style=""
>
  <div>
    <div
      class="space-y-6"
    >
      <div
        class="flex items-center justify-between"
      >
        <div>
          <h1
            class="text-3xl font-bold"
          >
            Budget Management
          </h1>
          <p
            class="text-muted-foreground"
          >
            Manage master budgets, sub-budgets, and track spending
          </p>
        </div>
        <div
          class="flex gap-2"
        >
          <button
            class="inline-flex items-center justify-center gap-2 whitespace-nowrap rounded-md text-sm font-medium ring-offset-background transition-colors focus-visible:outline-none focus-visible:ring-2 focus-visible:ring-ring focus-visible:ring-offset-2 disabled:pointer-events-none disabled:opacity-50 [&_svg]:pointer-events-none [&_svg]:size-4 [&_svg]:shrink-0 border border-input bg-background hover:bg-accent hover:text-accent-foreground h-10 px-4 py-2"
          >
            <svg
              class="lucide lucide-upload h-4 w-4 mr-2"
              fill="none"
              height="24"
              stroke="currentColor"
              stroke-linecap="round"
              stroke-linejoin="round"
              stroke-width="2"
              viewBox="0 0 24 24"
              width="24"
              xmlns="http://www.w3.org/2000/svg"
            >
              <path
                d="M21 15v4a2 2 0 0 1-2 2H5a2 2 0 0 1-2-2v-4"
              />
              <polyline
                points="17 8 12 3 7 8"
              />
              <line
                x1="12"
                x2="12"
                y1="3"
                y2="15"
              />
            </svg>
            Upload Excel
          </button>
          <button
            class="inline-flex items-center justify-center gap-2 whitespace-nowrap rounded-md text-sm font-medium ring-offset-background transition-colors focus-visible:outline-none focus-visible:ring-2 focus-visible:ring-ring focus-visible:ring-offset-2 disabled:pointer-events-none disabled:opacity-50 [&_svg]:pointer-events-none [&_svg]:size-4 [&_svg]:shrink-0 bg-primary text-primary-foreground hover:bg-primary/90 h-10 px-4 py-2"
          >
            <svg
              class="lucide lucide-plus h-4 w-4 mr-2"
              fill="none"
              height="24"
              stroke="currentColor"
              stroke-linecap="round"
              stroke-linejoin="round"
              stroke-width="2"
              viewBox="0 0 24 24"
              width="24"
              xmlns="http://www.w3.org/2000/svg"
            >
              <path
                d="M5 12h14"
              />
              <path
                d="M12 5v14"
              />
            </svg>
            Create Master Budget
          </button>
        </div>
      </div>
      <div
        class="grid gap-4 md:grid-cols-3"
      >
        <div
          class="rounded-lg border bg-card text-card-foreground shadow-sm"
        >
          <div
            class="p-6 flex flex-row items-center justify-between space-y-0 pb-2"
          >
            <h3
              class="tracking-tight text-sm font-medium"
            >
              Total Budgets
            </h3>
            <svg
              class="lucide lucide-dollar-sign h-4 w-4 text-muted-foreground"
              fill="none"
              height="24"
              stroke="currentColor"
              stroke-linecap="round"
              stroke-linejoin="round"
              stroke-width="2"
              viewBox="0 0 24 24"
              width="24"
              xmlns="http://www.w3.org/2000/svg"
            >
              <line
                x1="12"
                x2="12"
                y1="2"
                y2="22"
              />
              <path
                d="M17 5H9.5a3.5 3.5 0 0 0 0 7h5a3.5 3.5 0 0 1 0 7H6"
              />
            </svg>
          </div>
          <div
            class="p-6 pt-0"
          >
            <div
              class="text-2xl font-bold"
            >
              2
            </div>
            <p
              class="text-xs text-muted-foreground"
            >
              Active master budgets
            </p>
          </div>
        </div>
        <div
          class="rounded-lg border bg-card text-card-foreground shadow-sm"
        >
          <div
            class="p-6 flex flex-row items-center justify-between space-y-0 pb-2"
          >
            <h3
              class="tracking-tight text-sm font-medium"
            >
              Total Allocated
            </h3>
            <svg
              class="lucide lucide-trending-up h-4 w-4 text-muted-foreground"
              fill="none"
              height="24"
              stroke="currentColor"
              stroke-linecap="round"
              stroke-linejoin="round"
              stroke-width="2"
              viewBox="0 0 24 24"
              width="24"
              xmlns="http://www.w3.org/2000/svg"
            >
              <polyline
                points="22 7 13.5 15.5 8.5 10.5 2 17"
              />
              <polyline
                points="16 7 22 7 22 13"
              />
            </svg>
          </div>
          <div
            class="p-6 pt-0"
          >
            <div
              class="text-2xl font-bold"
            >
              $
              2,200,000
            </div>
            <p
              class="text-xs text-muted-foreground"
            >
              Across all budgets
            </p>
          </div>
        </div>
        <div
          class="rounded-lg border bg-card text-card-foreground shadow-sm"
        >
          <div
            class="p-6 flex flex-row items-center justify-between space-y-0 pb-2"
          >
            <h3
              class="tracking-tight text-sm font-medium"
            >
              Budget Period
            </h3>
            <svg
              class="lucide lucide-circle-alert h-4 w-4 text-muted-foreground"
              fill="none"
              height="24"
              stroke="currentColor"
              stroke-linecap="round"
              stroke-linejoin="round"
              stroke-width="2"
              viewBox="0 0 24 24"
              width="24"
              xmlns="http://www.w3.org/2000/svg"
            >
              <circle
                cx="12"
                cy="12"
                r="10"
              />
              <line
                x1="12"
                x2="12"
                y1="8"
                y2="12"
              />
              <line
                x1="12"
                x2="12.01"
                y1="16"
                y2="16"
              />
            </svg>
          </div>
          <div
            class="p-6 pt-0"
          >
            <div
              class="text-2xl font-bold"
            >
              2024
            </div>
            <p
              class="text-xs text-muted-foreground"
            >
              Current fiscal year
            </p>
          </div>
        </div>
      </div>
      <div
        class="space-y-4"
      >
        <div
          class="rounded-lg border bg-card text-card-foreground shadow-sm"
        >
          <div
            class="flex flex-col space-y-1.5 p-6"
          >
            <div
              class="flex items-center justify-between"
            >
              <div
                class="flex items-center gap-3"
              >
                <button
                  class="inline-flex items-center justify-center gap-2 whitespace-nowrap text-sm font-medium ring-offset-background transition-colors focus-visible:outline-none focus-visible:ring-2 focus-visible:ring-ring focus-visible:ring-offset-2 disabled:pointer-events-none disabled:opacity-50 [&_svg]:pointer-events-none [&_svg]:size-4 [&_svg]:shrink-0 hover:bg-accent hover:text-accent-foreground h-9 rounded-md px-3"
                >
                  <svg
                    class="lucide lucide-chevron-right h-4 w-4"
                    fill="none"
                    height="24"
                    stroke="currentColor"
                    stroke-linecap="round"
                    stroke-linejoin="round"
                    stroke-width="2"
                    viewBox="0 0 24 24"
                    width="24"
                    xmlns="http://www.w3.org/2000/svg"
                  >
                    <path
                      d="m9 18 6-6-6-6"
                    />
                  </svg>
                </button>
                <div>
                  <h3
                    class="text-2xl font-semibold leading-none tracking-tight"
                  >
                    Q1 2024 Budget
                  </h3>
                  <p
                    class="text-sm text-muted-foreground"
                  >
                    01/01/2024
                     - 
                    31/03/2024
                  </p>
                </div>
              </div>
              <div
                class="text-right"
              >
                <div
                  class="text-2xl font-bold"
                >
                  $
                  1,000,000
                </div>
                <div
                  class="inline-flex items-center rounded-full border px-2.5 py-0.5 text-xs font-semibold transition-colors focus:outline-none focus:ring-2 focus:ring-ring focus:ring-offset-2 text-foreground"
                >
                  0
                   sub-budgets
                </div>
              </div>
            </div>
          </div>
        </div>
        <div
          class="rounded-lg border bg-card text-card-foreground shadow-sm"
        >
          <div
            class="flex flex-col space-y-1.5 p-6"
          >
            <div
              class="flex items-center justify-between"
            >
              <div
                class="flex items-center gap-3"
              >
                <button
                  class="inline-flex items-center justify-center gap-2 whitespace-nowrap text-sm font-medium ring-offset-background transition-colors focus-visible:outline-none focus-visible:ring-2 focus-visible:ring-ring focus-visible:ring-offset-2 disabled:pointer-events-none disabled:opacity-50 [&_svg]:pointer-events-none [&_svg]:size-4 [&_svg]:shrink-0 hover:bg-accent hover:text-accent-foreground h-9 rounded-md px-3"
                >
                  <svg
                    class="lucide lucide-chevron-right h-4 w-4"
                    fill="none"
                    height="24"
                    stroke="currentColor"
                    stroke-linecap="round"
                    stroke-linejoin="round"
                    stroke-width="2"
                    viewBox="0 0 24 24"
                    width="24"
                    xmlns="http://www.w3.org/2000/svg"
                  >
                    <path
                      d="m9 18 6-6-6-6"
                    />
                  </svg>
                </button>
                <div>
                  <h3
                    class="text-2xl font-semibold leading-none tracking-tight"
                  >
                    Q2 2024 Budget
                  </h3>
                  <p
                    class="text-sm text-muted-foreground"
                  >
                    01/04/2024
                     - 
                    30/06/2024
                  </p>
                </div>
              </div>
              <div
                class="text-right"
              >
                <div
                  class="text-2xl font-bold"
                >
                  $
                  1,200,000
                </div>
                <div
                  class="inline-flex items-center rounded-full border px-2.5 py-0.5 text-xs font-semibold transition-colors focus:outline-none focus:ring-2 focus:ring-ring focus:ring-offset-2 text-foreground"
                >
                  0
                   sub-budgets
                </div>
              </div>
            </div>
          </div>
        </div>
      </div>
    </div>
  </div>
</body>
 ÔØ» waitForWrapper node_modules/@testing-library/dom/dist/wait-for.js:163:27
 ÔØ» findByText node_modules/@testing-library/dom/dist/query-helpers.js:86:33
 ÔØ» src/pages/finance/__tests__/BudgetManagement.test.tsx:207:39
    205|     render(<BudgetManagement />, { wrapper: createWrapper() });
    206| 
    207|     const uploadButton = await screen.findByText('Upload Budget');
       |                                       ^
    208|     fireEvent.click(uploadButton);
    209| 

ÔÄ»ÔÄ»ÔÄ»ÔÄ»ÔÄ»ÔÄ»ÔÄ»ÔÄ»ÔÄ»ÔÄ»ÔÄ»ÔÄ»ÔÄ»ÔÄ»ÔÄ»ÔÄ»ÔÄ»ÔÄ»ÔÄ»ÔÄ»ÔÄ»ÔÄ»ÔÄ»[5/12]ÔÄ»

 FAIL  src/pages/finance/__tests__/BudgetManagement.test.tsx > BudgetManagement > calculates budget utilization percentage
TestingLibraryElementError: Unable to find an element with the text: /60%/. This could be because the text is broken up by multiple elements. In this case, you can provide a function for your text matcher to make your matcher more flexible.

Ignored nodes: comments, script, style
<body
  style=""
>
  <div>
    <div
      class="space-y-6"
    >
      <div
        class="flex items-center justify-between"
      >
        <div>
          <h1
            class="text-3xl font-bold"
          >
            Budget Management
          </h1>
          <p
            class="text-muted-foreground"
          >
            Manage master budgets, sub-budgets, and track spending
          </p>
        </div>
        <div
          class="flex gap-2"
        >
          <button
            class="inline-flex items-center justify-center gap-2 whitespace-nowrap rounded-md text-sm font-medium ring-offset-background transition-colors focus-visible:outline-none focus-visible:ring-2 focus-visible:ring-ring focus-visible:ring-offset-2 disabled:pointer-events-none disabled:opacity-50 [&_svg]:pointer-events-none [&_svg]:size-4 [&_svg]:shrink-0 border border-input bg-background hover:bg-accent hover:text-accent-foreground h-10 px-4 py-2"
          >
            <svg
              class="lucide lucide-upload h-4 w-4 mr-2"
              fill="none"
              height="24"
              stroke="currentColor"
              stroke-linecap="round"
              stroke-linejoin="round"
              stroke-width="2"
              viewBox="0 0 24 24"
              width="24"
              xmlns="http://www.w3.org/2000/svg"
            >
              <path
                d="M21 15v4a2 2 0 0 1-2 2H5a2 2 0 0 1-2-2v-4"
              />
              <polyline
                points="17 8 12 3 7 8"
              />
              <line
                x1="12"
                x2="12"
                y1="3"
                y2="15"
              />
            </svg>
            Upload Excel
          </button>
          <button
            class="inline-flex items-center justify-center gap-2 whitespace-nowrap rounded-md text-sm font-medium ring-offset-background transition-colors focus-visible:outline-none focus-visible:ring-2 focus-visible:ring-ring focus-visible:ring-offset-2 disabled:pointer-events-none disabled:opacity-50 [&_svg]:pointer-events-none [&_svg]:size-4 [&_svg]:shrink-0 bg-primary text-primary-foreground hover:bg-primary/90 h-10 px-4 py-2"
          >
            <svg
              class="lucide lucide-plus h-4 w-4 mr-2"
              fill="none"
              height="24"
              stroke="currentColor"
              stroke-linecap="round"
              stroke-linejoin="round"
              stroke-width="2"
              viewBox="0 0 24 24"
              width="24"
              xmlns="http://www.w3.org/2000/svg"
            >
              <path
                d="M5 12h14"
              />
              <path
                d="M12 5v14"
              />
            </svg>
            Create Master Budget
          </button>
        </div>
      </div>
      <div
        class="grid gap-4 md:grid-cols-3"
      >
        <div
          class="rounded-lg border bg-card text-card-foreground shadow-sm"
        >
          <div
            class="p-6 flex flex-row items-center justify-between space-y-0 pb-2"
          >
            <h3
              class="tracking-tight text-sm font-medium"
            >
              Total Budgets
            </h3>
            <svg
              class="lucide lucide-dollar-sign h-4 w-4 text-muted-foreground"
              fill="none"
              height="24"
              stroke="currentColor"
              stroke-linecap="round"
              stroke-linejoin="round"
              stroke-width="2"
              viewBox="0 0 24 24"
              width="24"
              xmlns="http://www.w3.org/2000/svg"
            >
              <line
                x1="12"
                x2="12"
                y1="2"
                y2="22"
              />
              <path
                d="M17 5H9.5a3.5 3.5 0 0 0 0 7h5a3.5 3.5 0 0 1 0 7H6"
              />
            </svg>
          </div>
          <div
            class="p-6 pt-0"
          >
            <div
              class="text-2xl font-bold"
            >
              1
            </div>
            <p
              class="text-xs text-muted-foreground"
            >
              Active master budgets
            </p>
          </div>
        </div>
        <div
          class="rounded-lg border bg-card text-card-foreground shadow-sm"
        >
          <div
            class="p-6 flex flex-row items-center justify-between space-y-0 pb-2"
          >
            <h3
              class="tracking-tight text-sm font-medium"
            >
              Total Allocated
            </h3>
            <svg
              class="lucide lucide-trending-up h-4 w-4 text-muted-foreground"
              fill="none"
              height="24"
              stroke="currentColor"
              stroke-linecap="round"
              stroke-linejoin="round"
              stroke-width="2"
              viewBox="0 0 24 24"
              width="24"
              xmlns="http://www.w3.org/2000/svg"
            >
              <polyline
                points="22 7 13.5 15.5 8.5 10.5 2 17"
              />
              <polyline
                points="16 7 22 7 22 13"
              />
            </svg>
          </div>
          <div
            class="p-6 pt-0"
          >
            <div
              class="text-2xl font-bold"
            >
              $
              1,000,000
            </div>
            <p
              class="text-xs text-muted-foreground"
            >
              Across all budgets
            </p>
          </div>
        </div>
        <div
          class="rounded-lg border bg-card text-card-foreground shadow-sm"
        >
          <div
            class="p-6 flex flex-row items-center justify-between space-y-0 pb-2"
          >
            <h3
              class="tracking-tight text-sm font-medium"
            >
              Budget Period
            </h3>
            <svg
              class="lucide lucide-circle-alert h-4 w-4 text-muted-foreground"
              fill="none"
              height="24"
              stroke="currentColor"
              stroke-linecap="round"
              stroke-linejoin="round"
              stroke-width="2"
              viewBox="0 0 24 24"
              width="24"
              xmlns="http://www.w3.org/2000/svg"
            >
              <circle
                cx="12"
                cy="12"
                r="10"
              />
              <line
                x1="12"
                x2="12"
                y1="8"
                y2="12"
              />
              <line
                x1="12"
                x2="12.01"
                y1="16"
                y2="16"
              />
            </svg>
          </div>
          <div
            class="p-6 pt-0"
          >
            <div
              class="text-2xl font-bold"
            >
              2024
            </div>
            <p
              class="text-xs text-muted-foreground"
            >
              Current fiscal year
            </p>
          </div>
        </div>
      </div>
      <div
        class="space-y-4"
      >
        <div
          class="rounded-lg border bg-card text-card-foreground shadow-sm"
        >
          <div
            class="flex flex-col space-y-1.5 p-6"
          >
            <div
              class="flex items-center justify-between"
            >
              <div
                class="flex items-center gap-3"
              >
                <button
                  class="inline-flex items-center justify-center gap-2 whitespace-nowrap text-sm font-medium ring-offset-background transition-colors focus-visible:outline-none focus-visible:ring-2 focus-visible:ring-ring focus-visible:ring-offset-2 disabled:pointer-events-none disabled:opacity-50 [&_svg]:pointer-events-none [&_svg]:size-4 [&_svg]:shrink-0 hover:bg-accent hover:text-accent-foreground h-9 rounded-md px-3"
                >
                  <svg
                    class="lucide lucide-chevron-right h-4 w-4"
                    fill="none"
                    height="24"
                    stroke="currentColor"
                    stroke-linecap="round"
                    stroke-linejoin="round"
                    stroke-width="2"
                    viewBox="0 0 24 24"
                    width="24"
                    xmlns="http://www.w3.org/2000/svg"
                  >
                    <path
                      d="m9 18 6-6-6-6"
                    />
                  </svg>
                </button>
                <div>
                  <h3
                    class="text-2xl font-semibold leading-none tracking-tight"
                  >
                    Q1 2024 Budget
                  </h3>
                  <p
                    class="text-sm text-muted-foreground"
                  >
                    01/01/2024
                     - 
                    31/03/2024
                  </p>
                </div>
              </div>
              <div
                class="text-right"
              >
                <div
                  class="text-2xl font-bold"
                >
                  $
                  1,000,000
                </div>
                <div
                  class="inline-flex items-center rounded-full border px-2.5 py-0.5 text-xs font-semibold transition-colors focus:outline-none focus:ring-2 focus:ring-ring focus:ring-offset-2 text-foreground"
                >
                  0
                   sub-budgets
                </div>
              </div>
            </div>
          </div>
        </div>
      </div>
    </div>
  </div>
</body>

Ignored nodes: comments, script, style
<html>
  <head />
  <body
    style=""
  >
    <div>
      <div
        class="space-y-6"
      >
        <div
          class="flex items-center justify-between"
        >
          <div>
            <h1
              class="text-3xl font-bold"
            >
              Budget Management
            </h1>
            <p
              class="text-muted-foreground"
            >
              Manage master budgets, sub-budgets, and track spending
            </p>
          </div>
          <div
            class="flex gap-2"
          >
            <button
              class="inline-flex items-center justify-center gap-2 whitespace-nowrap rounded-md text-sm font-medium ring-offset-background transition-colors focus-visible:outline-none focus-visible:ring-2 focus-visible:ring-ring focus-visible:ring-offset-2 disabled:pointer-events-none disabled:opacity-50 [&_svg]:pointer-events-none [&_svg]:size-4 [&_svg]:shrink-0 border border-input bg-background hover:bg-accent hover:text-accent-foreground h-10 px-4 py-2"
            >
              <svg
                class="lucide lucide-upload h-4 w-4 mr-2"
                fill="none"
                height="24"
                stroke="currentColor"
                stroke-linecap="round"
                stroke-linejoin="round"
                stroke-width="2"
                viewBox="0 0 24 24"
                width="24"
                xmlns="http://www.w3.org/2000/svg"
              >
                <path
                  d="M21 15v4a2 2 0 0 1-2 2H5a2 2 0 0 1-2-2v-4"
                />
                <polyline
                  points="17 8 12 3 7 8"
                />
                <line
                  x1="12"
                  x2="12"
                  y1="3"
                  y2="15"
                />
              </svg>
              Upload Excel
            </button>
            <button
              class="inline-flex items-center justify-center gap-2 whitespace-nowrap rounded-md text-sm font-medium ring-offset-background transition-colors focus-visible:outline-none focus-visible:ring-2 focus-visible:ring-ring focus-visible:ring-offset-2 disabled:pointer-events-none disabled:opacity-50 [&_svg]:pointer-events-none [&_svg]:size-4 [&_svg]:shrink-0 bg-primary text-primary-foreground hover:bg-primary/90 h-10 px-4 py-2"
            >
              <svg
                class="lucide lucide-plus h-4 w-4 mr-2"
                fill="none"
                height="24"
                stroke="currentColor"
                stroke-linecap="round"
                stroke-linejoin="round"
                stroke-width="2"
                viewBox="0 0 24 24"
                width="24"
                xmlns="http://www.w3.org/2000/svg"
              >
                <path
                  d="M5 12h14"
                />
                <path
                  d="M12 5v14"
                />
              </svg>
              Create Master Budget
            </button>
          </div>
        </div>
        <div
          class="grid gap-4 md:grid-cols-3"
        >
          <div
            class="rounded-lg border bg-card text-card-foreground shadow-sm"
          >
            <div
              class="p-6 flex flex-row items-center justify-between space-y-0 pb-2"
            >
              <h3
                class="tracking-tight text-sm font-medium"
              >
                Total Budgets
              </h3>
              <svg
                class="lucide lucide-dollar-sign h-4 w-4 text-muted-foreground"
                fill="none"
                height="24"
                stroke="currentColor"
                stroke-linecap="round"
                stroke-linejoin="round"
                stroke-width="2"
                viewBox="0 0 24 24"
                width="24"
                xmlns="http://www.w3.org/2000/svg"
              >
                <line
                  x1="12"
                  x2="12"
                  y1="2"
                  y2="22"
                />
                <path
                  d="M17 5H9.5a3.5 3.5 0 0 0 0 7h5a3.5 3.5 0 0 1 0 7H6"
                />
              </svg>
            </div>
            <div
              class="p-6 pt-0"
            >
              <div
                class="text-2xl font-bold"
              >
                1
              </div>
              <p
                class="text-xs text-muted-foreground"
              >
                Active master budgets
              </p>
            </div>
          </div>
          <div
            class="rounded-lg border bg-card text-card-foreground shadow-sm"
          >
            <div
              class="p-6 flex flex-row items-center justify-between space-y-0 pb-2"
            >
              <h3
                class="tracking-tight text-sm font-medium"
              >
                Total Allocated
              </h3>
              <svg
                class="lucide lucide-trending-up h-4 w-4 text-muted-foreground"
                fill="none"
                height="24"
                stroke="currentColor"
                stroke-linecap="round"
                stroke-linejoin="round"
                stroke-width="2"
                viewBox="0 0 24 24"
                width="24"
                xmlns="http://www.w3.org/2000/svg"
              >
                <polyline
                  points="22 7 13.5 15.5 8.5 10.5 2 17"
                />
                <polyline
                  points="16 7 22 7 22 13"
                />
              </svg>
            </div>
            <div
              class="p-6 pt-0"
            >
              <div
                class="text-2xl font-bold"
              >
                $
                1,000,000
              </div>
              <p
                class="text-xs text-muted-foreground"
              >
                Across all budgets
              </p>
            </div>
          </div>
          <div
            class="rounded-lg border bg-card text-card-foreground shadow-sm"
          >
            <div
              class="p-6 flex flex-row items-center justify-between space-y-0 pb-2"
            >
              <h3
                class="tracking-tight text-sm font-medium"
              >
                Budget Period
              </h3>
              <svg
                class="lucide lucide-circle-alert h-4 w-4 text-muted-foreground"
                fill="none"
                height="24"
                stroke="currentColor"
                stroke-linecap="round"
                stroke-linejoin="round"
                stroke-width="2"
                viewBox="0 0 24 24"
                width="24"
                xmlns="http://www.w3.org/2000/svg"
              >
                <circle
                  cx="12"
                  cy="12"
                  r="10"
                />
                <line
                  x1="12"
                  x2="12"
                  y1="8"
                  y2="12"
                />
                <line
                  x1="12"
                  x2="12.01"
                  y1="16"
                  y2="16"
                />
              </svg>
            </div>
            <div
              class="p-6 pt-0"
            >
              <div
                class="text-2xl font-bold"
              >
                2024
              </div>
              <p
                class="text-xs text-muted-foreground"
              >
                Current fiscal year
              </p>
            </div>
          </div>
        </div>
        <div
          class="space-y-4"
        >
          <div
            class="rounded-lg border bg-card text-card-foreground shadow-sm"
          >
            <div
              class="flex flex-col space-y-1.5 p-6"
            >
              <div
                class="flex items-center justify-between"
              >
                <div
                  class="flex items-center gap-3"
                >
                  <button
                    class="inline-flex items-center justify-center gap-2 whitespace-nowrap text-sm font-medium ring-offset-background transition-colors focus-visible:outline-none focus-visible:ring-2 focus-visible:ring-ring focus-visible:ring-offset-2 disabled:pointer-events-none disabled:opacity-50 [&_svg]:pointer-events-none [&_svg]:size-4 [&_svg]:shrink-0 hover:bg-accent hover:text-accent-foreground h-9 rounded-md px-3"
                  >
                    <svg
                      class="lucide lucide-chevron-right h-4 w-4"
                      fill="none"
                      height="24"
                      stroke="currentColor"
                      stroke-linecap="round"
                      stroke-linejoin="round"
                      stroke-width="2"
                      viewBox="0 0 24 24"
                      width="24"
                      xmlns="http://www.w3.org/2000/svg"
                    >
                      <path
                        d="m9 18 6-6-6-6"
                      />
                    </svg>
                  </button>
                  <div>
                    <h3
                      class="text-2xl font-semibold leading-none tracking-tight"
                    >
                      Q1 2024 Budget
                    </h3>
                    <p
                      class="text-sm text-muted-foreground"
                    >
                      01/01/2024
                       - 
                      31/03/2024
                    </p>
                  </div>
                </div>
                <div
                  class="text-right"
                >
                  <div
                    class="text-2xl font-bold"
                  >
                    $
                    1,000,000
                  </div>
                  <div
                    class="inline-flex items-center rounded-full border px-2.5 py-0.5 text-xs font-semibold transition-colors focus:outline-none focus:ring-2 focus:ring-ring focus:ring-offset-2 text-foreground"
                  >
                    0
                     sub-budgets
                  </div>
                </div>
              </div>
            </div>
          </div>
        </div>
      </div>
    </div>
  </body>
</html>
 ÔØ» Proxy.waitFor node_modules/@testing-library/dom/dist/wait-for.js:163:27
 ÔØ» src/pages/finance/__tests__/BudgetManagement.test.tsx:229:11
    227|     render(<BudgetManagement />, { wrapper: createWrapper() });
    228| 
    229|     await waitFor(() => {
       |           ^
    230|       // 600000 / 1000000 = 60%
    231|       expect(screen.getByText(/60%/)).toBeInTheDocument();

ÔÄ»ÔÄ»ÔÄ»ÔÄ»ÔÄ»ÔÄ»ÔÄ»ÔÄ»ÔÄ»ÔÄ»ÔÄ»ÔÄ»ÔÄ»ÔÄ»ÔÄ»ÔÄ»ÔÄ»ÔÄ»ÔÄ»ÔÄ»ÔÄ»ÔÄ»ÔÄ»[6/12]ÔÄ»

 FAIL  src/pages/finance/__tests__/BudgetManagement.test.tsx > BudgetManagement > displays warning for high utilization
TestingLibraryElementError: Unable to find an element with the text: /90%/. This could be because the text is broken up by multiple elements. In this case, you can provide a function for your text matcher to make your matcher more flexible.

Ignored nodes: comments, script, style
<body
  style=""
>
  <div>
    <div
      class="space-y-6"
    >
      <div
        class="flex items-center justify-between"
      >
        <div>
          <h1
            class="text-3xl font-bold"
          >
            Budget Management
          </h1>
          <p
            class="text-muted-foreground"
          >
            Manage master budgets, sub-budgets, and track spending
          </p>
        </div>
        <div
          class="flex gap-2"
        >
          <button
            class="inline-flex items-center justify-center gap-2 whitespace-nowrap rounded-md text-sm font-medium ring-offset-background transition-colors focus-visible:outline-none focus-visible:ring-2 focus-visible:ring-ring focus-visible:ring-offset-2 disabled:pointer-events-none disabled:opacity-50 [&_svg]:pointer-events-none [&_svg]:size-4 [&_svg]:shrink-0 border border-input bg-background hover:bg-accent hover:text-accent-foreground h-10 px-4 py-2"
          >
            <svg
              class="lucide lucide-upload h-4 w-4 mr-2"
              fill="none"
              height="24"
              stroke="currentColor"
              stroke-linecap="round"
              stroke-linejoin="round"
              stroke-width="2"
              viewBox="0 0 24 24"
              width="24"
              xmlns="http://www.w3.org/2000/svg"
            >
              <path
                d="M21 15v4a2 2 0 0 1-2 2H5a2 2 0 0 1-2-2v-4"
              />
              <polyline
                points="17 8 12 3 7 8"
              />
              <line
                x1="12"
                x2="12"
                y1="3"
                y2="15"
              />
            </svg>
            Upload Excel
          </button>
          <button
            class="inline-flex items-center justify-center gap-2 whitespace-nowrap rounded-md text-sm font-medium ring-offset-background transition-colors focus-visible:outline-none focus-visible:ring-2 focus-visible:ring-ring focus-visible:ring-offset-2 disabled:pointer-events-none disabled:opacity-50 [&_svg]:pointer-events-none [&_svg]:size-4 [&_svg]:shrink-0 bg-primary text-primary-foreground hover:bg-primary/90 h-10 px-4 py-2"
          >
            <svg
              class="lucide lucide-plus h-4 w-4 mr-2"
              fill="none"
              height="24"
              stroke="currentColor"
              stroke-linecap="round"
              stroke-linejoin="round"
              stroke-width="2"
              viewBox="0 0 24 24"
              width="24"
              xmlns="http://www.w3.org/2000/svg"
            >
              <path
                d="M5 12h14"
              />
              <path
                d="M12 5v14"
              />
            </svg>
            Create Master Budget
          </button>
        </div>
      </div>
      <div
        class="grid gap-4 md:grid-cols-3"
      >
        <div
          class="rounded-lg border bg-card text-card-foreground shadow-sm"
        >
          <div
            class="p-6 flex flex-row items-center justify-between space-y-0 pb-2"
          >
            <h3
              class="tracking-tight text-sm font-medium"
            >
              Total Budgets
            </h3>
            <svg
              class="lucide lucide-dollar-sign h-4 w-4 text-muted-foreground"
              fill="none"
              height="24"
              stroke="currentColor"
              stroke-linecap="round"
              stroke-linejoin="round"
              stroke-width="2"
              viewBox="0 0 24 24"
              width="24"
              xmlns="http://www.w3.org/2000/svg"
            >
              <line
                x1="12"
                x2="12"
                y1="2"
                y2="22"
              />
              <path
                d="M17 5H9.5a3.5 3.5 0 0 0 0 7h5a3.5 3.5 0 0 1 0 7H6"
              />
            </svg>
          </div>
          <div
            class="p-6 pt-0"
          >
            <div
              class="text-2xl font-bold"
            >
              1
            </div>
            <p
              class="text-xs text-muted-foreground"
            >
              Active master budgets
            </p>
          </div>
        </div>
        <div
          class="rounded-lg border bg-card text-card-foreground shadow-sm"
        >
          <div
            class="p-6 flex flex-row items-center justify-between space-y-0 pb-2"
          >
            <h3
              class="tracking-tight text-sm font-medium"
            >
              Total Allocated
            </h3>
            <svg
              class="lucide lucide-trending-up h-4 w-4 text-muted-foreground"
              fill="none"
              height="24"
              stroke="currentColor"
              stroke-linecap="round"
              stroke-linejoin="round"
              stroke-width="2"
              viewBox="0 0 24 24"
              width="24"
              xmlns="http://www.w3.org/2000/svg"
            >
              <polyline
                points="22 7 13.5 15.5 8.5 10.5 2 17"
              />
              <polyline
                points="16 7 22 7 22 13"
              />
            </svg>
          </div>
          <div
            class="p-6 pt-0"
          >
            <div
              class="text-2xl font-bold"
            >
              $
              1,000,000
            </div>
            <p
              class="text-xs text-muted-foreground"
            >
              Across all budgets
            </p>
          </div>
        </div>
        <div
          class="rounded-lg border bg-card text-card-foreground shadow-sm"
        >
          <div
            class="p-6 flex flex-row items-center justify-between space-y-0 pb-2"
          >
            <h3
              class="tracking-tight text-sm font-medium"
            >
              Budget Period
            </h3>
            <svg
              class="lucide lucide-circle-alert h-4 w-4 text-muted-foreground"
              fill="none"
              height="24"
              stroke="currentColor"
              stroke-linecap="round"
              stroke-linejoin="round"
              stroke-width="2"
              viewBox="0 0 24 24"
              width="24"
              xmlns="http://www.w3.org/2000/svg"
            >
              <circle
                cx="12"
                cy="12"
                r="10"
              />
              <line
                x1="12"
                x2="12"
                y1="8"
                y2="12"
              />
              <line
                x1="12"
                x2="12.01"
                y1="16"
                y2="16"
              />
            </svg>
          </div>
          <div
            class="p-6 pt-0"
          >
            <div
              class="text-2xl font-bold"
            >
              2024
            </div>
            <p
              class="text-xs text-muted-foreground"
            >
              Current fiscal year
            </p>
          </div>
        </div>
      </div>
      <div
        class="space-y-4"
      >
        <div
          class="rounded-lg border bg-card text-card-foreground shadow-sm"
        >
          <div
            class="flex flex-col space-y-1.5 p-6"
          >
            <div
              class="flex items-center justify-between"
            >
              <div
                class="flex items-center gap-3"
              >
                <button
                  class="inline-flex items-center justify-center gap-2 whitespace-nowrap text-sm font-medium ring-offset-background transition-colors focus-visible:outline-none focus-visible:ring-2 focus-visible:ring-ring focus-visible:ring-offset-2 disabled:pointer-events-none disabled:opacity-50 [&_svg]:pointer-events-none [&_svg]:size-4 [&_svg]:shrink-0 hover:bg-accent hover:text-accent-foreground h-9 rounded-md px-3"
                >
                  <svg
                    class="lucide lucide-chevron-right h-4 w-4"
                    fill="none"
                    height="24"
                    stroke="currentColor"
                    stroke-linecap="round"
                    stroke-linejoin="round"
                    stroke-width="2"
                    viewBox="0 0 24 24"
                    width="24"
                    xmlns="http://www.w3.org/2000/svg"
                  >
                    <path
                      d="m9 18 6-6-6-6"
                    />
                  </svg>
                </button>
                <div>
                  <h3
                    class="text-2xl font-semibold leading-none tracking-tight"
                  >
                    Q1 2024 Budget
                  </h3>
                  <p
                    class="text-sm text-muted-foreground"
                  >
                    01/01/2024
                     - 
                    31/03/2024
                  </p>
                </div>
              </div>
              <div
                class="text-right"
              >
                <div
                  class="text-2xl font-bold"
                >
                  $
                  1,000,000
                </div>
                <div
                  class="inline-flex items-center rounded-full border px-2.5 py-0.5 text-xs font-semibold transition-colors focus:outline-none focus:ring-2 focus:ring-ring focus:ring-offset-2 text-foreground"
                >
                  0
                   sub-budgets
                </div>
              </div>
            </div>
          </div>
        </div>
      </div>
    </div>
  </div>
</body>

Ignored nodes: comments, script, style
<html>
  <head />
  <body
    style=""
  >
    <div>
      <div
        class="space-y-6"
      >
        <div
          class="flex items-center justify-between"
        >
          <div>
            <h1
              class="text-3xl font-bold"
            >
              Budget Management
            </h1>
            <p
              class="text-muted-foreground"
            >
              Manage master budgets, sub-budgets, and track spending
            </p>
          </div>
          <div
            class="flex gap-2"
          >
            <button
              class="inline-flex items-center justify-center gap-2 whitespace-nowrap rounded-md text-sm font-medium ring-offset-background transition-colors focus-visible:outline-none focus-visible:ring-2 focus-visible:ring-ring focus-visible:ring-offset-2 disabled:pointer-events-none disabled:opacity-50 [&_svg]:pointer-events-none [&_svg]:size-4 [&_svg]:shrink-0 border border-input bg-background hover:bg-accent hover:text-accent-foreground h-10 px-4 py-2"
            >
              <svg
                class="lucide lucide-upload h-4 w-4 mr-2"
                fill="none"
                height="24"
                stroke="currentColor"
                stroke-linecap="round"
                stroke-linejoin="round"
                stroke-width="2"
                viewBox="0 0 24 24"
                width="24"
                xmlns="http://www.w3.org/2000/svg"
              >
                <path
                  d="M21 15v4a2 2 0 0 1-2 2H5a2 2 0 0 1-2-2v-4"
                />
                <polyline
                  points="17 8 12 3 7 8"
                />
                <line
                  x1="12"
                  x2="12"
                  y1="3"
                  y2="15"
                />
              </svg>
              Upload Excel
            </button>
            <button
              class="inline-flex items-center justify-center gap-2 whitespace-nowrap rounded-md text-sm font-medium ring-offset-background transition-colors focus-visible:outline-none focus-visible:ring-2 focus-visible:ring-ring focus-visible:ring-offset-2 disabled:pointer-events-none disabled:opacity-50 [&_svg]:pointer-events-none [&_svg]:size-4 [&_svg]:shrink-0 bg-primary text-primary-foreground hover:bg-primary/90 h-10 px-4 py-2"
            >
              <svg
                class="lucide lucide-plus h-4 w-4 mr-2"
                fill="none"
                height="24"
                stroke="currentColor"
                stroke-linecap="round"
                stroke-linejoin="round"
                stroke-width="2"
                viewBox="0 0 24 24"
                width="24"
                xmlns="http://www.w3.org/2000/svg"
              >
                <path
                  d="M5 12h14"
                />
                <path
                  d="M12 5v14"
                />
              </svg>
              Create Master Budget
            </button>
          </div>
        </div>
        <div
          class="grid gap-4 md:grid-cols-3"
        >
          <div
            class="rounded-lg border bg-card text-card-foreground shadow-sm"
          >
            <div
              class="p-6 flex flex-row items-center justify-between space-y-0 pb-2"
            >
              <h3
                class="tracking-tight text-sm font-medium"
              >
                Total Budgets
              </h3>
              <svg
                class="lucide lucide-dollar-sign h-4 w-4 text-muted-foreground"
                fill="none"
                height="24"
                stroke="currentColor"
                stroke-linecap="round"
                stroke-linejoin="round"
                stroke-width="2"
                viewBox="0 0 24 24"
                width="24"
                xmlns="http://www.w3.org/2000/svg"
              >
                <line
                  x1="12"
                  x2="12"
                  y1="2"
                  y2="22"
                />
                <path
                  d="M17 5H9.5a3.5 3.5 0 0 0 0 7h5a3.5 3.5 0 0 1 0 7H6"
                />
              </svg>
            </div>
            <div
              class="p-6 pt-0"
            >
              <div
                class="text-2xl font-bold"
              >
                1
              </div>
              <p
                class="text-xs text-muted-foreground"
              >
                Active master budgets
              </p>
            </div>
          </div>
          <div
            class="rounded-lg border bg-card text-card-foreground shadow-sm"
          >
            <div
              class="p-6 flex flex-row items-center justify-between space-y-0 pb-2"
            >
              <h3
                class="tracking-tight text-sm font-medium"
              >
                Total Allocated
              </h3>
              <svg
                class="lucide lucide-trending-up h-4 w-4 text-muted-foreground"
                fill="none"
                height="24"
                stroke="currentColor"
                stroke-linecap="round"
                stroke-linejoin="round"
                stroke-width="2"
                viewBox="0 0 24 24"
                width="24"
                xmlns="http://www.w3.org/2000/svg"
              >
                <polyline
                  points="22 7 13.5 15.5 8.5 10.5 2 17"
                />
                <polyline
                  points="16 7 22 7 22 13"
                />
              </svg>
            </div>
            <div
              class="p-6 pt-0"
            >
              <div
                class="text-2xl font-bold"
              >
                $
                1,000,000
              </div>
              <p
                class="text-xs text-muted-foreground"
              >
                Across all budgets
              </p>
            </div>
          </div>
          <div
            class="rounded-lg border bg-card text-card-foreground shadow-sm"
          >
            <div
              class="p-6 flex flex-row items-center justify-between space-y-0 pb-2"
            >
              <h3
                class="tracking-tight text-sm font-medium"
              >
                Budget Period
              </h3>
              <svg
                class="lucide lucide-circle-alert h-4 w-4 text-muted-foreground"
                fill="none"
                height="24"
                stroke="currentColor"
                stroke-linecap="round"
                stroke-linejoin="round"
                stroke-width="2"
                viewBox="0 0 24 24"
                width="24"
                xmlns="http://www.w3.org/2000/svg"
              >
                <circle
                  cx="12"
                  cy="12"
                  r="10"
                />
                <line
                  x1="12"
                  x2="12"
                  y1="8"
                  y2="12"
                />
                <line
                  x1="12"
                  x2="12.01"
                  y1="16"
                  y2="16"
                />
              </svg>
            </div>
            <div
              class="p-6 pt-0"
            >
              <div
                class="text-2xl font-bold"
              >
                2024
              </div>
              <p
                class="text-xs text-muted-foreground"
              >
                Current fiscal year
              </p>
            </div>
          </div>
        </div>
        <div
          class="space-y-4"
        >
          <div
            class="rounded-lg border bg-card text-card-foreground shadow-sm"
          >
            <div
              class="flex flex-col space-y-1.5 p-6"
            >
              <div
                class="flex items-center justify-between"
              >
                <div
                  class="flex items-center gap-3"
                >
                  <button
                    class="inline-flex items-center justify-center gap-2 whitespace-nowrap text-sm font-medium ring-offset-background transition-colors focus-visible:outline-none focus-visible:ring-2 focus-visible:ring-ring focus-visible:ring-offset-2 disabled:pointer-events-none disabled:opacity-50 [&_svg]:pointer-events-none [&_svg]:size-4 [&_svg]:shrink-0 hover:bg-accent hover:text-accent-foreground h-9 rounded-md px-3"
                  >
                    <svg
                      class="lucide lucide-chevron-right h-4 w-4"
                      fill="none"
                      height="24"
                      stroke="currentColor"
                      stroke-linecap="round"
                      stroke-linejoin="round"
                      stroke-width="2"
                      viewBox="0 0 24 24"
                      width="24"
                      xmlns="http://www.w3.org/2000/svg"
                    >
                      <path
                        d="m9 18 6-6-6-6"
                      />
                    </svg>
                  </button>
                  <div>
                    <h3
                      class="text-2xl font-semibold leading-none tracking-tight"
                    >
                      Q1 2024 Budget
                    </h3>
                    <p
                      class="text-sm text-muted-foreground"
                    >
                      01/01/2024
                       - 
                      31/03/2024
                    </p>
                  </div>
                </div>
                <div
                  class="text-right"
                >
                  <div
                    class="text-2xl font-bold"
                  >
                    $
                    1,000,000
                  </div>
                  <div
                    class="inline-flex items-center rounded-full border px-2.5 py-0.5 text-xs font-semibold transition-colors focus:outline-none focus:ring-2 focus:ring-ring focus:ring-offset-2 text-foreground"
                  >
                    0
                     sub-budgets
                  </div>
                </div>
              </div>
            </div>
          </div>
        </div>
      </div>
    </div>
  </body>
</html>
 ÔØ» Proxy.waitFor node_modules/@testing-library/dom/dist/wait-for.js:163:27
 ÔØ» src/pages/finance/__tests__/BudgetManagement.test.tsx:249:11
    247|     render(<BudgetManagement />, { wrapper: createWrapper() });
    248| 
    249|     await waitFor(() => {
       |           ^
    250|       // Should show warning color/indicator
    251|       expect(screen.getByText(/90%/)).toBeInTheDocument();

ÔÄ»ÔÄ»ÔÄ»ÔÄ»ÔÄ»ÔÄ»ÔÄ»ÔÄ»ÔÄ»ÔÄ»ÔÄ»ÔÄ»ÔÄ»ÔÄ»ÔÄ»ÔÄ»ÔÄ»ÔÄ»ÔÄ»ÔÄ»ÔÄ»ÔÄ»ÔÄ»[7/12]ÔÄ»

 FAIL  src/pages/finance/__tests__/Invoices.test.tsx > Invoices Page > filters invoices by status
TestingLibraryElementError: Unable to find an element with the text: INV-2024-003. This could be because the text is broken up by multiple elements. In this case, you can provide a function for your text matcher to make your matcher more flexible.

Ignored nodes: comments, script, style
<body>
  <div>
    <div
      class="container mx-auto py-6 space-y-6"
    >
      <div
        class="flex justify-between items-center"
      >
        <div>
          <h1
            class="text-3xl font-bold"
          >
            Invoices
          </h1>
          <p
            class="text-muted-foreground mt-2"
          >
            Manage customer invoices and payments
          </p>
        </div>
        <button
          class="inline-flex items-center justify-center gap-2 whitespace-nowrap rounded-md text-sm font-medium ring-offset-background transition-colors focus-visible:outline-none focus-visible:ring-2 focus-visible:ring-ring focus-visible:ring-offset-2 disabled:pointer-events-none disabled:opacity-50 [&_svg]:pointer-events-none [&_svg]:size-4 [&_svg]:shrink-0 bg-primary text-primary-foreground hover:bg-primary/90 h-10 px-4 py-2"
        >
          <svg
            class="lucide lucide-plus h-4 w-4 mr-2"
            fill="none"
            height="24"
            stroke="currentColor"
            stroke-linecap="round"
            stroke-linejoin="round"
            stroke-width="2"
            viewBox="0 0 24 24"
            width="24"
            xmlns="http://www.w3.org/2000/svg"
          >
            <path
              d="M5 12h14"
            />
            <path
              d="M12 5v14"
            />
          </svg>
          Create Invoice
        </button>
      </div>
      <div
        class="grid gap-4 md:grid-cols-4"
      >
        <div
          class="rounded-lg border bg-card text-card-foreground shadow-sm p-6"
        >
          <div
            class="flex items-center justify-between"
          >
            <div>
              <p
                class="text-sm text-muted-foreground"
              >
                Total Invoices
              </p>
              <p
                class="text-2xl font-bold"
              >
                4
              </p>
            </div>
            <svg
              class="lucide lucide-file-text h-8 w-8 text-muted-foreground"
              fill="none"
              height="24"
              stroke="currentColor"
              stroke-linecap="round"
              stroke-linejoin="round"
              stroke-width="2"
              viewBox="0 0 24 24"
              width="24"
              xmlns="http://www.w3.org/2000/svg"
            >
              <path
                d="M15 2H6a2 2 0 0 0-2 2v16a2 2 0 0 0 2 2h12a2 2 0 0 0 2-2V7Z"
              />
              <path
                d="M14 2v4a2 2 0 0 0 2 2h4"
              />
              <path
                d="M10 9H8"
              />
              <path
                d="M16 13H8"
              />
              <path
                d="M16 17H8"
              />
            </svg>
          </div>
        </div>
        <div
          class="rounded-lg border bg-card text-card-foreground shadow-sm p-6"
        >
          <div
            class="flex items-center justify-between"
          >
            <div>
              <p
                class="text-sm text-muted-foreground"
              >
                Total Amount
              </p>
              <p
                class="text-2xl font-bold"
              >
                Ksh┬á675,000.00
              </p>
            </div>
            <svg
              class="lucide lucide-dollar-sign h-8 w-8 text-muted-foreground"
              fill="none"
              height="24"
              stroke="currentColor"
              stroke-linecap="round"
              stroke-linejoin="round"
              stroke-width="2"
              viewBox="0 0 24 24"
              width="24"
              xmlns="http://www.w3.org/2000/svg"
            >
              <line
                x1="12"
                x2="12"
                y1="2"
                y2="22"
              />
              <path
                d="M17 5H9.5a3.5 3.5 0 0 0 0 7h5a3.5 3.5 0 0 1 0 7H6"
              />
            </svg>
          </div>
        </div>
        <div
          class="rounded-lg border bg-card text-card-foreground shadow-sm p-6"
        >
          <div
            class="flex items-center justify-between"
          >
            <div>
              <p
                class="text-sm text-muted-foreground"
              >
                Outstanding
              </p>
              <p
                class="text-2xl font-bold text-orange-500"
              >
                Ksh┬á425,000.00
              </p>
            </div>
            <svg
              class="lucide lucide-clock h-8 w-8 text-orange-500"
              fill="none"
              height="24"
              stroke="currentColor"
              stroke-linecap="round"
              stroke-linejoin="ro...

Ignored nodes: comments, script, style
<html>
  <head />
  <body>
    <div>
      <div
        class="container mx-auto py-6 space-y-6"
      >
        <div
          class="flex justify-between items-center"
        >
          <div>
            <h1
              class="text-3xl font-bold"
            >
              Invoices
            </h1>
            <p
              class="text-muted-foreground mt-2"
            >
              Manage customer invoices and payments
            </p>
          </div>
          <button
            class="inline-flex items-center justify-center gap-2 whitespace-nowrap rounded-md text-sm font-medium ring-offset-background transition-colors focus-visible:outline-none focus-visible:ring-2 focus-visible:ring-ring focus-visible:ring-offset-2 disabled:pointer-events-none disabled:opacity-50 [&_svg]:pointer-events-none [&_svg]:size-4 [&_svg]:shrink-0 bg-primary text-primary-foreground hover:bg-primary/90 h-10 px-4 py-2"
          >
            <svg
              class="lucide lucide-plus h-4 w-4 mr-2"
              fill="none"
              height="24"
              stroke="currentColor"
              stroke-linecap="round"
              stroke-linejoin="round"
              stroke-width="2"
              viewBox="0 0 24 24"
              width="24"
              xmlns="http://www.w3.org/2000/svg"
            >
              <path
                d="M5 12h14"
              />
              <path
                d="M12 5v14"
              />
            </svg>
            Create Invoice
          </button>
        </div>
        <div
          class="grid gap-4 md:grid-cols-4"
        >
          <div
            class="rounded-lg border bg-card text-card-foreground shadow-sm p-6"
          >
            <div
              class="flex items-center justify-between"
            >
              <div>
                <p
                  class="text-sm text-muted-foreground"
                >
                  Total Invoices
                </p>
                <p
                  class="text-2xl font-bold"
                >
                  4
                </p>
              </div>
              <svg
                class="lucide lucide-file-text h-8 w-8 text-muted-foreground"
                fill="none"
                height="24"
                stroke="currentColor"
                stroke-linecap="round"
                stroke-linejoin="round"
                stroke-width="2"
                viewBox="0 0 24 24"
                width="24"
                xmlns="http://www.w3.org/2000/svg"
              >
                <path
                  d="M15 2H6a2 2 0 0 0-2 2v16a2 2 0 0 0 2 2h12a2 2 0 0 0 2-2V7Z"
                />
                <path
                  d="M14 2v4a2 2 0 0 0 2 2h4"
                />
                <path
                  d="M10 9H8"
                />
                <path
                  d="M16 13H8"
                />
                <path
                  d="M16 17H8"
                />
              </svg>
            </div>
          </div>
          <div
            class="rounded-lg border bg-card text-card-foreground shadow-sm p-6"
          >
            <div
              class="flex items-center justify-between"
            >
              <div>
                <p
                  class="text-sm text-muted-foreground"
                >
                  Total Amount
                </p>
                <p
                  class="text-2xl font-bold"
                >
                  Ksh┬á675,000.00
                </p>
              </div>
              <svg
                class="lucide lucide-dollar-sign h-8 w-8 text-muted-foreground"
                fill="none"
                height="24"
                stroke="currentColor"
                stroke-linecap="round"
                stroke-linejoin="round"
                stroke-width="2"
                viewBox="0 0 24 24"
                width="24"
                xmlns="http://www.w3.org/2000/svg"
              >
                <line
                  x1="12"
                  x2="12"
                  y1="2"
                  y2="22"
                />
                <path
                  d="M17 5H9.5a3.5 3.5 0 0 0 0 7h5a3.5 3.5 0 0 1 0 7H6"
                />
              </svg>
            </div>
          </div>
          <div
            class="rounded-lg border bg-card text-card-foreground shadow-sm p-6"
          >
            <div
              class="flex items-center justify-between"
            >
              <div>
                <p
                  class="text-sm text-muted-foreground"
                >
                  Outstanding
                </p>
                <p
                  class="text-2xl font-bold text-orange-500"
                >
                  Ksh┬á425,000.00
                </p>
              </div>
              [...
 ÔØ» Proxy.waitFor node_modules/@testing-library/dom/dist/wait-for.js:163:27
 ÔØ» src/pages/finance/__tests__/Invoices.test.tsx:78:15
     76|         fireEvent.click(pendingFilter);
     77| 
     78|         await waitFor(() => {
       |               ^
     79|             expect(screen.getByText('INV-2024-003')).toBeInTheDocumentÔÇª
     80|             expect(screen.queryByText('INV-2024-001')).not.toBeInTheDoÔÇª

ÔÄ»ÔÄ»ÔÄ»ÔÄ»ÔÄ»ÔÄ»ÔÄ»ÔÄ»ÔÄ»ÔÄ»ÔÄ»ÔÄ»ÔÄ»ÔÄ»ÔÄ»ÔÄ»ÔÄ»ÔÄ»ÔÄ»ÔÄ»ÔÄ»ÔÄ»ÔÄ»[8/12]ÔÄ»

 FAIL  src/pages/inventory/__tests__/InventoryDashboard.test.tsx > Inventory Dashboard > displays low stock warning
TestingLibraryElementError: Found multiple elements with the text: Low Stock

Here are the matching elements:

Ignored nodes: comments, script, style
<h3
  class="tracking-tight text-sm font-medium"
>
  Low Stock
</h3>

Ignored nodes: comments, script, style
<div
  class="inline-flex items-center rounded-full border px-2.5 py-0.5 text-xs font-semibold transition-colors focus:outline-none focus:ring-2 focus:ring-ring focus:ring-offset-2 bg-orange-500/10 text-orange-500 border-orange-500/20"
>
  Low Stock
</div>

(If this is intentional, then use the `*AllBy*` variant of the query (like `queryAllByText`, `getAllByText`, or `findAllByText`)).

Ignored nodes: comments, script, style
<body>
  <div>
    <div
      class="space-y-6"
    >
      <div
        class="flex flex-col sm:flex-row justify-between items-start sm:items-center gap-4"
      >
        <div>
          <h1
            class="text-3xl font-bold tracking-tight"
          >
            Inventory Management
          </h1>
          <p
            class="text-muted-foreground"
          >
            Manage products, stock levels, and supplier pricing
          </p>
        </div>
        <div
          class="flex gap-2"
        >
          <button
            class="justify-center whitespace-nowrap rounded-md text-sm font-medium ring-offset-background transition-colors focus-visible:outline-none focus-visible:ring-2 focus-visible:ring-ring focus-visible:ring-offset-2 disabled:pointer-events-none disabled:opacity-50 [&_svg]:pointer-events-none [&_svg]:size-4 [&_svg]:shrink-0 border border-input bg-background hover:bg-accent hover:text-accent-foreground h-10 px-4 py-2 flex items-center gap-2"
          >
            <svg
              class="lucide lucide-refresh-cw h-4 w-4"
              fill="none"
              height="24"
              stroke="currentColor"
              stroke-linecap="round"
              stroke-linejoin="round"
              stroke-width="2"
              viewBox="0 0 24 24"
              width="24"
              xmlns="http://www.w3.org/2000/svg"
            >
              <path
                d="M3 12a9 9 0 0 1 9-9 9.75 9.75 0 0 1 6.74 2.74L21 8"
              />
              <path
                d="M21 3v5h-5"
              />
              <path
                d="M21 12a9 9 0 0 1-9 9 9.75 9.75 0 0 1-6.74-2.74L3 16"
              />
              <path
                d="M8 16H3v5"
              />
            </svg>
            Update Prices
          </button>
        </div>
      </div>
      <form
        class="flex gap-2"
      >
        <div
          class="relative flex-1"
        >
          <svg
            class="lucide lucide-search absolute left-3 top-1/2 transform -translate-y-1/2 text-muted-foreground h-4 w-4"
            fill="none"
            height="24"
            stroke="currentColor"
            stroke-linecap="round"
            stroke-linejoin="round"
            stroke-width="2"
            viewBox="0 0 24 24"
            width="24"
            xmlns="http://www.w3.org/2000/svg"
          >
            <circle
              cx="11"
              cy="11"
              r="8"
            />
            <path
              d="m21 21-4.3-4.3"
            />
          </svg>
          <input
            class="flex h-10 w-full rounded-md border border-input bg-background px-3 py-2 text-base ring-offset-background file:border-0 file:bg-transparent file:text-sm file:font-medium file:text-foreground placeholder:text-muted-foreground focus-visible:outline-none focus-visible:ring-2 focus-visible:ring-ring focus-visible:ring-offset-2 disabled:cursor-not-allowed disabled:opacity-50 md:text-sm pl-10"
            placeholder="Search products by name, SKU, or category..."
            value=""
          />
        </div>
        <button
          class="inline-flex items-center justify-center gap-2 whitespace-nowrap rounded-md text-sm font-medium ring-offset-background transition-colors focus-visible:outline-none focus-visible:ring-2 focus-visible:ring-ring focus-visible:ring-offset-2 disabled:pointer-events-none disabled:opacity-50 [&_svg]:pointer-events-none [&_svg]:size-4 [&_svg]:shrink-0 bg-primary text-primary-foreground hover:bg-primary/90 h-10 px-4 py-2"
          type="submit"
        >
          <svg
            class="lucide lucide-search h-4 w-4"
            fill="none"
            height="24"
            stroke="currentColor"
            stroke-linecap="round"
            stroke-linejoin="round"
            stroke-width="2"
            viewBox="0 0 24 24"
            width="24"
            xmlns="http://www.w3.org/2000/svg"
          >
            <circle
              cx="11"
              cy="11"
              r="8"
            />
            <path
              d="m21 21-4.3-4.3"
            />
          </svg>
          Search
        </button>
      </form>
      <div
        class="grid gap-4 md:grid-cols-2 lg:grid-cols-4"
      >
        <div
          class="rounded-lg border bg-card text-card-foreground shadow-sm"
        >
          <div
            class="p-6 flex flex-row items-center justify-between space-y-0 pb-2"
          >
            <h3
              class="tracking-tight text-sm font-medium"
            >
              Total Products
            </h3>
            <svg
              class="lucide lucide-package h-4 w-4 text-muted-foreground"
              fill="none"
              height="24"
              stroke="currentColor"
              stroke-linecap="round"
              stroke-linejoin="round"
              stroke-width="2"
              viewBox="0 0 24 24"
              width="24"...
 ÔØ» Object.getElementError node_modules/@testing-library/dom/dist/config.js:37:19
 ÔØ» getElementError node_modules/@testing-library/dom/dist/query-helpers.js:20:35
 ÔØ» getMultipleElementsFoundError node_modules/@testing-library/dom/dist/query-helpers.js:23:10
 ÔØ» node_modules/@testing-library/dom/dist/query-helpers.js:55:13
 ÔØ» getByText node_modules/@testing-library/dom/dist/query-helpers.js:95:19
 ÔØ» src/pages/inventory/__tests__/InventoryDashboard.test.tsx:85:23
     83| 
     84|         // Cable 5m has stock 2, reorder 10 -> Low Stock
     85|         expect(screen.getByText('Low Stock')).toBeInTheDocument();
       |                       ^
     86|     });
     87| 

ÔÄ»ÔÄ»ÔÄ»ÔÄ»ÔÄ»ÔÄ»ÔÄ»ÔÄ»ÔÄ»ÔÄ»ÔÄ»ÔÄ»ÔÄ»ÔÄ»ÔÄ»ÔÄ»ÔÄ»ÔÄ»ÔÄ»ÔÄ»ÔÄ»ÔÄ»ÔÄ»[9/12]ÔÄ»

 FAIL  src/pages/inventory/__tests__/InventoryDashboard.test.tsx > Inventory Dashboard > handles search functionality
AssertionError: expected "vi.fn()" to be called with arguments: [ 'Router' ]

Received: 

  1st vi.fn() call:

  [
    "Router",
+   {
+     "client": QueryClient {},
+     "meta": undefined,
+     "mutationKey": undefined,
+   },
  ]


Number of calls: 1


Ignored nodes: comments, script, style
<html>
  <head />
  <body>
    <div>
      <div
        class="space-y-6"
      >
        <div
          class="flex flex-col sm:flex-row justify-between items-start sm:items-center gap-4"
        >
          <div>
            <h1
              class="text-3xl font-bold tracking-tight"
            >
              Inventory Management
            </h1>
            <p
              class="text-muted-foreground"
            >
              Manage products, stock levels, and supplier pricing
            </p>
          </div>
          <div
            class="flex gap-2"
          >
            <button
              class="justify-center whitespace-nowrap rounded-md text-sm font-medium ring-offset-background transition-colors focus-visible:outline-none focus-visible:ring-2 focus-visible:ring-ring focus-visible:ring-offset-2 disabled:pointer-events-none disabled:opacity-50 [&_svg]:pointer-events-none [&_svg]:size-4 [&_svg]:shrink-0 border border-input bg-background hover:bg-accent hover:text-accent-foreground h-10 px-4 py-2 flex items-center gap-2"
            >
              <svg
                class="lucide lucide-refresh-cw h-4 w-4"
                fill="none"
                height="24"
                stroke="currentColor"
                stroke-linecap="round"
                stroke-linejoin="round"
                stroke-width="2"
                viewBox="0 0 24 24"
                width="24"
                xmlns="http://www.w3.org/2000/svg"
              >
                <path
                  d="M3 12a9 9 0 0 1 9-9 9.75 9.75 0 0 1 6.74 2.74L21 8"
                />
                <path
                  d="M21 3v5h-5"
                />
                <path
                  d="M21 12a9 9 0 0 1-9 9 9.75 9.75 0 0 1-6.74-2.74L3 16"
                />
                <path
                  d="M8 16H3v5"
                />
              </svg>
              Update Prices
            </button>
          </div>
        </div>
        <form
          class="flex gap-2"
        >
          <div
            class="relative flex-1"
          >
            <svg
              class="lucide lucide-search absolute left-3 top-1/2 transform -translate-y-1/2 text-muted-foreground h-4 w-4"
              fill="none"
              height="24"
              stroke="currentColor"
              stroke-linecap="round"
              stroke-linejoin="round"
              stroke-width="2"
              viewBox="0 0 24 24"
              width="24"
              xmlns="http://www.w3.org/2000/svg"
            >
              <circle
                cx="11"
                cy="11"
                r="8"
              />
              <path
                d="m21 21-4.3-4.3"
              />
            </svg>
            <input
              class="flex h-10 w-full rounded-md border border-input bg-background px-3 py-2 text-base ring-offset-background file:border-0 file:bg-transparent file:text-sm file:font-medium file:text-foreground placeholder:text-muted-foreground focus-visible:outline-none focus-visible:ring-2 focus-visible:ring-ring focus-visible:ring-offset-2 disabled:cursor-not-allowed disabled:opacity-50 md:text-sm pl-10"
              placeholder="Search products by name, SKU, or category..."
              value="Router"
            />
          </div>
          <button
            class="inline-flex items-center justify-center gap-2 whitespace-nowrap rounded-md text-sm font-medium ring-offset-background transition-colors focus-visible:outline-none focus-visible:ring-2 focus-visible:ring-ring focus-visible:ring-offset-2 disabled:pointer-events-none disabled:opacity-50 [&_svg]:pointer-events-none [&_svg]:size-4 [&_svg]:shrink-0 bg-primary text-primary-foreground hover:bg-primary/90 h-10 px-4 py-2"
            type="submit"
          >
            <svg
              class="lucide lucide-search h-4 w-4"
              fill="none"
              height="24"
              stroke="currentColor"
              stroke-linecap="round"
              stroke-linejoin="round"
              stroke-width="2"
              viewBox="0 0 24 24"
              width="24"
              xmlns="http://www.w3.org/2000/svg"
            >
              <circle
                cx="11"
                cy="11"
                r="8"
              />
              <path
                d="m21 21-4.3-4.3"
              />
            </svg>
            Search
          </button>
        </form>
        <div
          class="grid gap-4 md:grid-cols-2 lg:grid-cols-4"
        >
          <div
            class="rounded-lg border bg-card text-card-foreground shadow-sm"
          >
            <div
              class="p-6 flex flex-row items-center justify-between space-y-0 pb-2"
            >
              <h3
                class="tracking-tight text-sm font-medium"
              >
                Total Products
              </h3>
              <svg
                class="lucide lucide-package h-4 w-4 text-muted-foreground"
                fill="none"
                height="24"
   ...
 ÔØ» src/pages/inventory/__tests__/InventoryDashboard.test.tsx:103:50
    101| 
    102|         await waitFor(() => {
    103|             expect(inventoryApi.searchInventory).toHaveBeenCalledWith(ÔÇª
       |                                                  ^
    104|         });
    105|     });
 ÔØ» runWithExpensiveErrorDiagnosticsDisabled node_modules/@testing-library/dom/dist/config.js:47:12
 ÔØ» checkCallback node_modules/@testing-library/dom/dist/wait-for.js:124:77
 ÔØ» Timeout.checkRealTimersCallback node_modules/@testing-library/dom/dist/wait-for.js:118:16

ÔÄ»ÔÄ»ÔÄ»ÔÄ»ÔÄ»ÔÄ»ÔÄ»ÔÄ»ÔÄ»ÔÄ»ÔÄ»ÔÄ»ÔÄ»ÔÄ»ÔÄ»ÔÄ»ÔÄ»ÔÄ»ÔÄ»ÔÄ»ÔÄ»ÔÄ»[10/12]ÔÄ»

 FAIL  src/pages/inventory/__tests__/InventoryDashboard.test.tsx > Inventory Dashboard > triggers scrape all suppliers
TestingLibraryElementError: Found multiple elements with the role "button" and name `/update prices/i`

Here are the matching elements:

Ignored nodes: comments, script, style
<button
  class="justify-center whitespace-nowrap rounded-md text-sm font-medium ring-offset-background transition-colors focus-visible:outline-none focus-visible:ring-2 focus-visible:ring-ring focus-visible:ring-offset-2 disabled:pointer-events-none disabled:opacity-50 [&_svg]:pointer-events-none [&_svg]:size-4 [&_svg]:shrink-0 border border-input bg-background hover:bg-accent hover:text-accent-foreground h-10 px-4 py-2 flex items-center gap-2"
>
  <svg
    class="lucide lucide-refresh-cw h-4 w-4"
    fill="none"
    height="24"
    stroke="currentColor"
    stroke-linecap="round"
    stroke-linejoin="round"
    stroke-width="2"
    viewBox="0 0 24 24"
    width="24"
    xmlns="http://www.w3.org/2000/svg"
  >
    <path
      d="M3 12a9 9 0 0 1 9-9 9.75 9.75 0 0 1 6.74 2.74L21 8"
    />
    <path
      d="M21 3v5h-5"
    />
    <path
      d="M21 12a9 9 0 0 1-9 9 9.75 9.75 0 0 1-6.74-2.74L3 16"
    />
    <path
      d="M8 16H3v5"
    />
  </svg>
  Update Prices
</button>

Ignored nodes: comments, script, style
<button
  class="inline-flex items-center justify-center gap-2 whitespace-nowrap text-sm font-medium ring-offset-background transition-colors focus-visible:outline-none focus-visible:ring-2 focus-visible:ring-ring focus-visible:ring-offset-2 disabled:pointer-events-none disabled:opacity-50 [&_svg]:pointer-events-none [&_svg]:size-4 [&_svg]:shrink-0 border border-input bg-background hover:bg-accent hover:text-accent-foreground h-9 rounded-md px-3"
>
  <svg
    class="lucide lucide-refresh-cw h-4 w-4 mr-1"
    fill="none"
    height="24"
    stroke="currentColor"
    stroke-linecap="round"
    stroke-linejoin="round"
    stroke-width="2"
    viewBox="0 0 24 24"
    width="24"
    xmlns="http://www.w3.org/2000/svg"
  >
    <path
      d="M3 12a9 9 0 0 1 9-9 9.75 9.75 0 0 1 6.74 2.74L21 8"
    />
    <path
      d="M21 3v5h-5"
    />
    <path
      d="M21 12a9 9 0 0 1-9 9 9.75 9.75 0 0 1-6.74-2.74L3 16"
    />
    <path
      d="M8 16H3v5"
    />
  </svg>
  Update Prices
</button>

(If this is intentional, then use the `*AllBy*` variant of the query (like `queryAllByText`, `getAllByText`, or `findAllByText`)).

Ignored nodes: comments, script, style
<body>
  <div>
    <div
      class="space-y-6"
    >
      <div
        class="flex flex-col sm:flex-row justify-between items-start sm:items-center gap-4"
      >
        <div>
          <h1
            class="text-3xl font-bold tracking-tight"
          >
            Inventory Management
          </h1>
          <p
            class="text-muted-foreground"
          >
            Manage products, stock levels, and supplier pricing
          </p>
        </div>
        <div
          class="flex gap-2"
        >
          <button
            class="justify-center whitespace-nowrap rounded-md text-sm font-medium ring-offset-background transition-colors focus-visible:outline-none focus-visible:ring-2 focus-visible:ring-ring focus-visible:ring-offset-2 disabled:pointer-events-none disabled:opacity-50 [&_svg]:pointer-events-none [&_svg]:size-4 [&_svg]:shrink-0 border border-input bg-background hover:bg-accent hover:text-accent-foreground h-10 px-4 py-2 flex items-center gap-2"
          >
            <svg
              class="lucide lucide-refresh-cw h-4 w-4"
              fill="none"
              height="24"
              stroke="currentColor"
              stroke-linecap="round"
              stroke-linejoin="round"
              stroke-width="2"
              viewBox="0 0 24 24"
              width="24"
              xmlns="http://www.w3.org/2000/svg"
            >
              <path
                d="M3 12a9 9 0 0 1 9-9 9.75 9.75 0 0 1 6.74 2.74L21 8"
              />
              <path
                d="M21 3v5h-5"
              />
              <path
                d="M21 12a9 9 0 0 1-9 9 9.75 9.75 0 0 1-6.74-2.74L3 16"
              />
              <path
                d="M8 16H3v5"
              />
            </svg>
            Update Prices
          </button>
        </div>
      </div>
      <form
        class="flex gap-2"
      >
        <div
          class="relative flex-1"
        >
          <svg
            class="lucide lucide-search absolute left-3 top-1/2 transform -translate-y-1/2 text-muted-foreground h-4 w-4"
            fill="none"
            height="24"
            stroke="currentColor"
            stroke-linecap="round"
            stroke-linejoin="round"
            stroke-width="2"
            viewBox="0 0 24 24"
            width="24"
            xmlns="http://www.w3.org/2000/svg"
          >
            <circle
              cx="11"
              cy="11"
              r="8"
            />
            <path
              d="m21 21-4.3-4.3"
            />
          </svg>
          <input
            class="flex h-10 w-full rounded-md border border-input bg-background px-3 py-2 text-base ring-offset-background file:border-0 file:bg-transparent file:text-sm file:font-medium file:text-foreground placeholder:text-muted-foreground focus-visible:outline-none focus-visible:ring-2 focus-visible:ring-ring focus-visible:ring-offset-2 disabled:cursor-not-allowed disabled:opacity-50 md:text-sm pl-10"
            placeholder="Search products by name, SKU, or category..."
            value=""
          />
        </div>
        <button
          class="inline-flex items-center justify-center gap-2 whitespace-nowrap rounded-md text-sm font-medium ring-offset-background transition-colors focus-visible:outline-none focus-visible:ring-2 focus-visible:ring-ring focus-visible:ring-offset-2 disabled:pointer-events-none disabled:opacity-50 [&_svg]:pointer-events-none [&_svg]:size-4 [&_svg]:shrink-0 bg-primary text-primary-foreground hover:bg-primary/90 h-10 px-4 py-2"
          type="submit"
        >
          <svg
            class="lucide lucide-search h-4 w-4"
            fill="none"
            height="24"
            stroke="currentColor"
            stroke-linecap="round"
            stroke-linejoin="round"
            stroke-width="2"
            viewBox="0 0 24 24"
            width="24"
            xmlns="http://www.w3.org/2000/svg"
          >
            <circle
              cx="11"
              cy="11"
              r="8"
            />
            <path
              d="m21 21-4.3-4.3"
            />
          </svg>
          Search
        </button>
      </form>
      <div
        class="grid gap-4 md:grid-cols-2 lg:grid-cols-4"
      >
        <div
          class="rounded-lg border bg-card text-card-foreground shadow-sm"
        >
          <div
            class="p-6 flex flex-row items-center justify-between space-y-0 pb-2"
          >
            <h3
              class="tracking-tight text-sm font-medium"
            >
              Total Products
            </h3>
            <svg
              class="lucide lucide-package h-4 w-4 text-muted-foreground"
              fill="none"
              height="24"
              stroke="currentColor"
              stroke-linecap="round"
              stroke-linejoin="round"
              stroke-width="2"
              viewBox="0 0 24 24"
              width="24"...
 ÔØ» Object.getElementError node_modules/@testing-library/dom/dist/config.js:37:19
 ÔØ» getElementError node_modules/@testing-library/dom/dist/query-helpers.js:20:35
 ÔØ» getMultipleElementsFoundError node_modules/@testing-library/dom/dist/query-helpers.js:23:10
 ÔØ» node_modules/@testing-library/dom/dist/query-helpers.js:55:13
 ÔØ» getByRole node_modules/@testing-library/dom/dist/query-helpers.js:95:19
 ÔØ» src/pages/inventory/__tests__/InventoryDashboard.test.tsx:115:34
    113|         );
    114| 
    115|         const updateBtn = screen.getByRole('button', { name: /update pÔÇª
       |                                  ^
    116|         fireEvent.click(updateBtn);
    117| 

ÔÄ»ÔÄ»ÔÄ»ÔÄ»ÔÄ»ÔÄ»ÔÄ»ÔÄ»ÔÄ»ÔÄ»ÔÄ»ÔÄ»ÔÄ»ÔÄ»ÔÄ»ÔÄ»ÔÄ»ÔÄ»ÔÄ»ÔÄ»ÔÄ»ÔÄ»[11/12]ÔÄ»

 FAIL  src/pages/hr/__tests__/CreateEmployee.test.tsx > CreateEmployeePage > validates required fields
AssertionError: expected "vi.fn()" to be called with arguments: [ ObjectContaining{ÔÇª} ]

Number of calls: 0


Ignored nodes: comments, script, style
<html>
  <head />
  <body>
    <div>
      <div
        class="p-4 md:p-8"
      >
        <div
          class="rounded-lg border bg-card text-card-foreground shadow-sm"
        >
          <div
            class="flex flex-col space-y-1.5 p-6"
          >
            <h3
              class="text-2xl font-semibold leading-none tracking-tight"
            >
              Create New Employee Profile
            </h3>
          </div>
          <div
            class="p-6 pt-0"
          >
            <form
              class="space-y-6"
            >
              <div
                class="grid grid-cols-1 md:grid-cols-2 lg:grid-cols-3 gap-6"
              >
                <div
                  class="space-y-2"
                >
                  <label
                    class="text-sm font-medium leading-none peer-disabled:cursor-not-allowed peer-disabled:opacity-70"
                    for="user_id"
                  >
                    User *
                  </label>
                  <div
                    data-testid="mock-select"
                  >
                    <select>
                      <div>
                        <span>
                          Select Value
                        </span>
                      </div>
                      <option
                        value="1"
                      >
                        John Doe
                         (
                        john@example.com
                        )
                      </option>
                      <option
                        value="2"
                      >
                        Jane Smith
                         (
                        jane@example.com
                        )
                      </option>
                    </select>
                  </div>
                </div>
                <div
                  class="space-y-2"
                >
                  <label
                    class="text-sm font-medium leading-none peer-disabled:cursor-not-allowed peer-disabled:opacity-70"
                    for="role_id"
                  >
                    Role *
                  </label>
                  <div
                    data-testid="mock-select"
                  >
                    <select>
                      <div>
                        <span>
                          Select Value
                        </span>
                      </div>
                      <option
                        value="1"
                      >
                        admin
                      </option>
                      <option
                        value="2"
                      >
                        finance
                      </option>
                      <option
                        value="3"
                      >
                        procurement
                      </option>
                      <option
                        value="4"
                      >
                        technician
                      </option>
                      <option
                        value="5"
                      >
                        marketing
                      </option>
                      <option
                        value="6"
                      >
                        customer
                      </option>
                      <option
                        value="9"
                      >
                        procurements
                      </option>
                      <option
                        value="12"
                      >
                        sales_marketing
                      </option>
                      <option
                        value="19"
                      >
                        hr
                      </option>
                    </select>
                  </div>
                </div>
                <div
                  class="space-y-2"
                >
                  <label
                    class="text-sm font-medium leading-none peer-disabled:cursor-not-allowed peer-disabled:opacity-70"
                    for="employee_code"
                  >
                    Employee Code
                  </label>
                  <input
                    class="flex h-10 w-full rounded-md border border-input bg-background px-3 py-2 text-base ring-offset-background file:border-0 file:bg-transparent file:text-sm file:font-medium file:text-foreground placeholder:text-muted-foreground focus-visible:outline-none focus-visible:ring-2 focus-visible:ring-ring focus-visible:ring-offset-2 disabled:cursor-not-allowed disabled:opacity-50 md:text-sm"
                    id="employee_code"
                    value=""
                  />
                </div>
                <div
                  class="space-y-2"
                >
                  <label
                    class="text-sm font-medium leading-none peer-disabled:cursor-not-allowed peer-disabled:opacity-70"
                    for="engagement_type"
                  >
                    Engagement Type *
                  </label>[39...
 ÔØ» __vi_import_1__.waitFor.timeout src/pages/hr/__tests__/CreateEmployee.test.tsx:90:31
     88| 
     89|         await waitFor(() => {
     90|             expect(mockToast).toHaveBeenCalledWith(expect.objectContaiÔÇª
       |                               ^
     91|                 title: "Missing Required Fields",
     92|                 variant: "destructive"
 ÔØ» runWithExpensiveErrorDiagnosticsDisabled node_modules/@testing-library/dom/dist/config.js:47:12
 ÔØ» checkCallback node_modules/@testing-library/dom/dist/wait-for.js:124:77
 ÔØ» Timeout.checkRealTimersCallback node_modules/@testing-library/dom/dist/wait-for.js:118:16

ÔÄ»ÔÄ»ÔÄ»ÔÄ»ÔÄ»ÔÄ»ÔÄ»ÔÄ»ÔÄ»ÔÄ»ÔÄ»ÔÄ»ÔÄ»ÔÄ»ÔÄ»ÔÄ»ÔÄ»ÔÄ»ÔÄ»ÔÄ»ÔÄ»ÔÄ»[12/12]ÔÄ»


[2m Test Files [22m [1m[31m4 failed[39m[22m[2m | [22m[1m[32m6 passed[39m[22m[90m (10)[39m
[2m      Tests [22m [1m[31m12 failed[39m[22m[2m | [22m[1m[32m66 passed[39m[22m[90m (78)[39m
[2m   Start at [22m 19:28:28
[2m   Duration [22m 19.56s[2m (transform 6.33s, setup 11.91s, collect 20.71s, tests 25.83s, environment 40.97s, prepare 943ms)[22m

